Apache Maven 3.9.11 (3e54c93a704957b63ee3494413a2b544fd3d825b)
Maven home: /opt/homebrew/Cellar/maven/3.9.11/libexec
Java version: 25.0.1, vendor: Homebrew, runtime: /opt/homebrew/Cellar/openjdk/25.0.1/libexec/openjdk.jdk/Contents/Home
Default locale: en_IN, platform encoding: UTF-8
OS name: "mac os x", version: "26.1", arch: "aarch64", family: "mac"
[DEBUG] Created new class realm maven.api
[DEBUG] Importing foreign packages into class realm maven.api
[DEBUG]   Imported: javax.annotation.* < plexus.core
[DEBUG]   Imported: javax.annotation.security.* < plexus.core
[DEBUG]   Imported: javax.inject.* < plexus.core
[DEBUG]   Imported: org.apache.maven.* < plexus.core
[DEBUG]   Imported: org.apache.maven.artifact < plexus.core
[DEBUG]   Imported: org.apache.maven.classrealm < plexus.core
[DEBUG]   Imported: org.apache.maven.cli < plexus.core
[DEBUG]   Imported: org.apache.maven.configuration < plexus.core
[DEBUG]   Imported: org.apache.maven.exception < plexus.core
[DEBUG]   Imported: org.apache.maven.execution < plexus.core
[DEBUG]   Imported: org.apache.maven.execution.scope < plexus.core
[DEBUG]   Imported: org.apache.maven.graph < plexus.core
[DEBUG]   Imported: org.apache.maven.lifecycle < plexus.core
[DEBUG]   Imported: org.apache.maven.model < plexus.core
[DEBUG]   Imported: org.apache.maven.monitor < plexus.core
[DEBUG]   Imported: org.apache.maven.plugin < plexus.core
[DEBUG]   Imported: org.apache.maven.profiles < plexus.core
[DEBUG]   Imported: org.apache.maven.project < plexus.core
[DEBUG]   Imported: org.apache.maven.reporting < plexus.core
[DEBUG]   Imported: org.apache.maven.repository < plexus.core
[DEBUG]   Imported: org.apache.maven.rtinfo < plexus.core
[DEBUG]   Imported: org.apache.maven.settings < plexus.core
[DEBUG]   Imported: org.apache.maven.toolchain < plexus.core
[DEBUG]   Imported: org.apache.maven.usability < plexus.core
[DEBUG]   Imported: org.apache.maven.wagon.* < plexus.core
[DEBUG]   Imported: org.apache.maven.wagon.authentication < plexus.core
[DEBUG]   Imported: org.apache.maven.wagon.authorization < plexus.core
[DEBUG]   Imported: org.apache.maven.wagon.events < plexus.core
[DEBUG]   Imported: org.apache.maven.wagon.observers < plexus.core
[DEBUG]   Imported: org.apache.maven.wagon.proxy < plexus.core
[DEBUG]   Imported: org.apache.maven.wagon.repository < plexus.core
[DEBUG]   Imported: org.apache.maven.wagon.resource < plexus.core
[DEBUG]   Imported: org.codehaus.classworlds < plexus.core
[DEBUG]   Imported: org.codehaus.plexus.* < plexus.core
[DEBUG]   Imported: org.codehaus.plexus.classworlds < plexus.core
[DEBUG]   Imported: org.codehaus.plexus.component < plexus.core
[DEBUG]   Imported: org.codehaus.plexus.configuration < plexus.core
[DEBUG]   Imported: org.codehaus.plexus.container < plexus.core
[DEBUG]   Imported: org.codehaus.plexus.context < plexus.core
[DEBUG]   Imported: org.codehaus.plexus.lifecycle < plexus.core
[DEBUG]   Imported: org.codehaus.plexus.logging < plexus.core
[DEBUG]   Imported: org.codehaus.plexus.personality < plexus.core
[DEBUG]   Imported: org.codehaus.plexus.util.xml.Xpp3Dom < plexus.core
[DEBUG]   Imported: org.codehaus.plexus.util.xml.pull.XmlPullParser < plexus.core
[DEBUG]   Imported: org.codehaus.plexus.util.xml.pull.XmlPullParserException < plexus.core
[DEBUG]   Imported: org.codehaus.plexus.util.xml.pull.XmlSerializer < plexus.core
[DEBUG]   Imported: org.eclipse.aether.* < plexus.core
[DEBUG]   Imported: org.eclipse.aether.artifact < plexus.core
[DEBUG]   Imported: org.eclipse.aether.collection < plexus.core
[DEBUG]   Imported: org.eclipse.aether.deployment < plexus.core
[DEBUG]   Imported: org.eclipse.aether.graph < plexus.core
[DEBUG]   Imported: org.eclipse.aether.impl < plexus.core
[DEBUG]   Imported: org.eclipse.aether.installation < plexus.core
[DEBUG]   Imported: org.eclipse.aether.internal.impl < plexus.core
[DEBUG]   Imported: org.eclipse.aether.metadata < plexus.core
[DEBUG]   Imported: org.eclipse.aether.repository < plexus.core
[DEBUG]   Imported: org.eclipse.aether.resolution < plexus.core
[DEBUG]   Imported: org.eclipse.aether.spi < plexus.core
[DEBUG]   Imported: org.eclipse.aether.transfer < plexus.core
[DEBUG]   Imported: org.eclipse.aether.util < plexus.core
[DEBUG]   Imported: org.eclipse.aether.version < plexus.core
[DEBUG]   Imported: org.fusesource.jansi.* < plexus.core
[DEBUG]   Imported: org.slf4j.* < plexus.core
[DEBUG]   Imported: org.slf4j.event.* < plexus.core
[DEBUG]   Imported: org.slf4j.helpers.* < plexus.core
[DEBUG]   Imported: org.slf4j.spi.* < plexus.core
[DEBUG] Populating class realm maven.api
[DEBUG] Created adapter factory; available factories [file-lock, rwlock-local, semaphore-local, noop]; available name mappers [discriminating, file-gav, file-hgav, file-static, gav, static]
[INFO] Error stacktraces are turned on.
[DEBUG] Message scheme: color
[DEBUG] Message styles: debug info warning error success failure strong mojo project
[DEBUG] Reading global settings from /opt/homebrew/Cellar/maven/3.9.11/libexec/conf/settings.xml
[DEBUG] Reading user settings from /Users/raghavchanana/.m2/settings.xml
[DEBUG] Reading global toolchains from /opt/homebrew/Cellar/maven/3.9.11/libexec/conf/toolchains.xml
[DEBUG] Reading user toolchains from /Users/raghavchanana/.m2/toolchains.xml
[DEBUG] Using local repository at /Users/raghavchanana/.m2/repository
[DEBUG] Using manager EnhancedLocalRepositoryManager with priority 10.0 for /Users/raghavchanana/.m2/repository
[INFO] Scanning for projects...
[DEBUG] Creating adapter using nameMapper 'gav' and factory 'rwlock-local'
[DEBUG] Extension realms for project com.mockinterview:backend:jar:0.0.1-SNAPSHOT: (none)
[DEBUG] Looking up lifecycle mappings for packaging jar from ClassRealm[plexus.core, parent: null]
[DEBUG] Extension realms for project org.springframework.boot:spring-boot-starter-parent:pom:3.2.3: (none)
[DEBUG] Looking up lifecycle mappings for packaging pom from ClassRealm[plexus.core, parent: null]
[DEBUG] Extension realms for project org.springframework.boot:spring-boot-dependencies:pom:3.2.3: (none)
[DEBUG] Looking up lifecycle mappings for packaging pom from ClassRealm[plexus.core, parent: null]
[DEBUG] === REACTOR BUILD PLAN ================================================
[DEBUG] Project: com.mockinterview:backend:jar:0.0.1-SNAPSHOT
[DEBUG] Tasks:   [clean, compile]
[DEBUG] Style:   Regular
[DEBUG] =======================================================================
[INFO] 
[INFO] ---------------------< com.mockinterview:backend >----------------------
[INFO] Building backend 0.0.1-SNAPSHOT
[INFO]   from pom.xml
[INFO] --------------------------------[ jar ]---------------------------------
[DEBUG] Lifecycle clean -> [pre-clean, clean, post-clean]
[DEBUG] Lifecycle default -> [validate, initialize, generate-sources, process-sources, generate-resources, process-resources, compile, process-classes, generate-test-sources, process-test-sources, generate-test-resources, process-test-resources, test-compile, process-test-classes, test, prepare-package, package, pre-integration-test, integration-test, post-integration-test, verify, install, deploy]
[DEBUG] Lifecycle site -> [pre-site, site, post-site, site-deploy]
[DEBUG] Lifecycle clean -> [pre-clean, clean, post-clean]
[DEBUG] Lifecycle default -> [validate, initialize, generate-sources, process-sources, generate-resources, process-resources, compile, process-classes, generate-test-sources, process-test-sources, generate-test-resources, process-test-resources, test-compile, process-test-classes, test, prepare-package, package, pre-integration-test, integration-test, post-integration-test, verify, install, deploy]
[DEBUG] Lifecycle site -> [pre-site, site, post-site, site-deploy]
[DEBUG] Lifecycle clean -> [pre-clean, clean, post-clean]
[DEBUG] Lifecycle default -> [validate, initialize, generate-sources, process-sources, generate-resources, process-resources, compile, process-classes, generate-test-sources, process-test-sources, generate-test-resources, process-test-resources, test-compile, process-test-classes, test, prepare-package, package, pre-integration-test, integration-test, post-integration-test, verify, install, deploy]
[DEBUG] Lifecycle site -> [pre-site, site, post-site, site-deploy]
[DEBUG] Lifecycle clean -> [pre-clean, clean, post-clean]
[DEBUG] Lifecycle default -> [validate, initialize, generate-sources, process-sources, generate-resources, process-resources, compile, process-classes, generate-test-sources, process-test-sources, generate-test-resources, process-test-resources, test-compile, process-test-classes, test, prepare-package, package, pre-integration-test, integration-test, post-integration-test, verify, install, deploy]
[DEBUG] Lifecycle site -> [pre-site, site, post-site, site-deploy]
[DEBUG] Lifecycle clean -> [pre-clean, clean, post-clean]
[DEBUG] Lifecycle default -> [validate, initialize, generate-sources, process-sources, generate-resources, process-resources, compile, process-classes, generate-test-sources, process-test-sources, generate-test-resources, process-test-resources, test-compile, process-test-classes, test, prepare-package, package, pre-integration-test, integration-test, post-integration-test, verify, install, deploy]
[DEBUG] Lifecycle site -> [pre-site, site, post-site, site-deploy]
[DEBUG] === PROJECT BUILD PLAN ================================================
[DEBUG] Project:       com.mockinterview:backend:0.0.1-SNAPSHOT
[DEBUG] Dependencies (collect): []
[DEBUG] Dependencies (resolve): [compile]
[DEBUG] Repositories (dependencies): [central (https://repo.maven.apache.org/maven2, default, releases)]
[DEBUG] Repositories (plugins)     : [central (https://repo.maven.apache.org/maven2, default, releases)]
[DEBUG] -----------------------------------------------------------------------
[DEBUG] Goal:          org.apache.maven.plugins:maven-clean-plugin:3.3.2:clean (default-clean)
[DEBUG] Style:         Regular
[DEBUG] Configuration: <?xml version="1.0" encoding="UTF-8"?>
<configuration>
  <directory default-value="${project.build.directory}"/>
  <excludeDefaultDirectories default-value="false">${maven.clean.excludeDefaultDirectories}</excludeDefaultDirectories>
  <failOnError default-value="true">${maven.clean.failOnError}</failOnError>
  <fast default-value="false">${maven.clean.fast}</fast>
  <fastDir>${maven.clean.fastDir}</fastDir>
  <fastMode default-value="background">${maven.clean.fastMode}</fastMode>
  <followSymLinks default-value="false">${maven.clean.followSymLinks}</followSymLinks>
  <outputDirectory default-value="${project.build.outputDirectory}"/>
  <reportDirectory default-value="${project.build.outputDirectory}"/>
  <retryOnError default-value="true">${maven.clean.retryOnError}</retryOnError>
  <session default-value="${session}"/>
  <skip default-value="false">${maven.clean.skip}</skip>
  <testOutputDirectory default-value="${project.build.testOutputDirectory}"/>
  <verbose>${maven.clean.verbose}</verbose>
</configuration>
[DEBUG] -----------------------------------------------------------------------
[DEBUG] Goal:          org.apache.maven.plugins:maven-resources-plugin:3.3.1:resources (default-resources)
[DEBUG] Style:         Regular
[DEBUG] Configuration: <?xml version="1.0" encoding="UTF-8"?>
<configuration>
  <addDefaultExcludes default-value="true"/>
  <buildFilters default-value="${project.build.filters}"/>
  <delimiters>
    <delimiter>@</delimiter>
  </delimiters>
  <encoding default-value="${project.build.sourceEncoding}"/>
  <escapeWindowsPaths default-value="true"/>
  <fileNameFiltering default-value="false"/>
  <includeEmptyDirs default-value="false"/>
  <outputDirectory default-value="${project.build.outputDirectory}"/>
  <overwrite default-value="false"/>
  <project default-value="${project}"/>
  <propertiesEncoding>UTF-8</propertiesEncoding>
  <resources default-value="${project.resources}"/>
  <session default-value="${session}"/>
  <skip default-value="false">${maven.resources.skip}</skip>
  <supportMultiLineFiltering default-value="false"/>
  <useBuildFilters default-value="true"/>
  <useDefaultDelimiters default-value="true">false</useDefaultDelimiters>
</configuration>
[DEBUG] -----------------------------------------------------------------------
[DEBUG] Goal:          org.apache.maven.plugins:maven-compiler-plugin:3.13.0:compile (default-compile)
[DEBUG] Style:         Regular
[DEBUG] Configuration: <?xml version="1.0" encoding="UTF-8"?>
<configuration>
  <annotationProcessorPaths>
    <path>
      <groupId>org.projectlombok</groupId>
      <artifactId>lombok</artifactId>
      <version>1.18.34</version>
    </path>
  </annotationProcessorPaths>
  <annotationProcessorPathsUseDepMgmt default-value="false"/>
  <basedir default-value="${basedir}"/>
  <buildDirectory default-value="${project.build.directory}"/>
  <compilePath default-value="${project.compileClasspathElements}"/>
  <compileSourceRoots default-value="${project.compileSourceRoots}"/>
  <compilerId default-value="javac">${maven.compiler.compilerId}</compilerId>
  <compilerReuseStrategy default-value="${reuseCreated}">${maven.compiler.compilerReuseStrategy}</compilerReuseStrategy>
  <compilerVersion>${maven.compiler.compilerVersion}</compilerVersion>
  <createMissingPackageInfoClass default-value="true">${maven.compiler.createMissingPackageInfoClass}</createMissingPackageInfoClass>
  <debug default-value="true">${maven.compiler.debug}</debug>
  <debugFileName default-value="javac"/>
  <debuglevel>${maven.compiler.debuglevel}</debuglevel>
  <enablePreview default-value="false">${maven.compiler.enablePreview}</enablePreview>
  <encoding default-value="${project.build.sourceEncoding}">${encoding}</encoding>
  <executable>${maven.compiler.executable}</executable>
  <failOnError default-value="true">${maven.compiler.failOnError}</failOnError>
  <failOnWarning default-value="false">${maven.compiler.failOnWarning}</failOnWarning>
  <fileExtensions default-value="class,jar"/>
  <forceJavacCompilerUse default-value="false">${maven.compiler.forceJavacCompilerUse}</forceJavacCompilerUse>
  <forceLegacyJavacApi default-value="false">${maven.compiler.forceLegacyJavacApi}</forceLegacyJavacApi>
  <fork default-value="false">${maven.compiler.fork}</fork>
  <generatedSourcesDirectory default-value="${project.build.directory}/generated-sources/annotations"/>
  <implicit>${maven.compiler.implicit}</implicit>
  <maxmem>${maven.compiler.maxmem}</maxmem>
  <meminitial>${maven.compiler.meminitial}</meminitial>
  <mojoExecution default-value="${mojoExecution}"/>
  <optimize default-value="false">${maven.compiler.optimize}</optimize>
  <outputDirectory default-value="${project.build.outputDirectory}">${maven.compiler.outputDirectory}</outputDirectory>
  <outputTimestamp default-value="${project.build.outputTimestamp}"/>
  <parameters default-value="false">true</parameters>
  <proc>${maven.compiler.proc}</proc>
  <project default-value="${project}"/>
  <projectArtifact default-value="${project.artifact}"/>
  <release>${maven.compiler.release}</release>
  <session default-value="${session}"/>
  <showCompilationChanges default-value="false">${maven.compiler.showCompilationChanges}</showCompilationChanges>
  <showDeprecation default-value="false">${maven.compiler.showDeprecation}</showDeprecation>
  <showWarnings default-value="true">${maven.compiler.showWarnings}</showWarnings>
  <skipMain>${maven.main.skip}</skipMain>
  <skipMultiThreadWarning default-value="false">${maven.compiler.skipMultiThreadWarning}</skipMultiThreadWarning>
  <source default-value="1.8">${maven.compiler.source}</source>
  <staleMillis default-value="0">${lastModGranularityMs}</staleMillis>
  <target default-value="1.8">${maven.compiler.target}</target>
  <useIncrementalCompilation default-value="true">${maven.compiler.useIncrementalCompilation}</useIncrementalCompilation>
  <verbose default-value="false">${maven.compiler.verbose}</verbose>
</configuration>
[DEBUG] =======================================================================
[DEBUG] Using mirror maven-default-http-blocker (http://0.0.0.0/) for apache.snapshots (http://repository.apache.org/snapshots).
[DEBUG] Using mirror maven-default-http-blocker (http://0.0.0.0/) for ow2-snapshot (http://repository.ow2.org/nexus/content/repositories/snapshots).
[DEBUG] Using mirror maven-default-http-blocker (http://0.0.0.0/) for vaadin-snapshots (http://oss.sonatype.org/content/repositories/vaadin-snapshots/).
[DEBUG] Using mirror maven-default-http-blocker (http://0.0.0.0/) for vaadin-releases (http://oss.sonatype.org/content/repositories/vaadin-releases/).
[DEBUG] Dependency collection stats {ConflictMarker.analyzeTime=545292, ConflictMarker.markTime=222500, ConflictMarker.nodeCount=255, ConflictIdSorter.graphTime=326333, ConflictIdSorter.topsortTime=143375, ConflictIdSorter.conflictIdCount=112, ConflictIdSorter.conflictIdCycleCount=0, ConflictResolver.totalTime=6741292, ConflictResolver.conflictItemCount=234, DfDependencyCollector.collectTime=208286542, DfDependencyCollector.transformTime=8708000}
[DEBUG] com.mockinterview:backend:jar:0.0.1-SNAPSHOT
[DEBUG]    org.springframework.boot:spring-boot-starter-web:jar:3.2.3:compile
[DEBUG]       org.springframework.boot:spring-boot-starter:jar:3.2.3:compile (version managed from 3.2.3)
[DEBUG]          org.springframework.boot:spring-boot:jar:3.2.3:compile (version managed from 3.2.3)
[DEBUG]          org.springframework.boot:spring-boot-autoconfigure:jar:3.2.3:compile (version managed from 3.2.3)
[DEBUG]          org.springframework.boot:spring-boot-starter-logging:jar:3.2.3:compile (version managed from 3.2.3)
[DEBUG]             ch.qos.logback:logback-classic:jar:1.4.14:compile (version managed from 1.4.14)
[DEBUG]                ch.qos.logback:logback-core:jar:1.4.14:compile (version managed from 1.4.14)
[DEBUG]             org.apache.logging.log4j:log4j-to-slf4j:jar:2.21.1:compile (version managed from 2.21.1)
[DEBUG]                org.apache.logging.log4j:log4j-api:jar:2.21.1:compile (version managed from 2.21.1)
[DEBUG]             org.slf4j:jul-to-slf4j:jar:2.0.12:compile (version managed from 2.0.12)
[DEBUG]          jakarta.annotation:jakarta.annotation-api:jar:2.1.1:compile (version managed from 2.1.1)
[DEBUG]          org.yaml:snakeyaml:jar:2.2:compile (version managed from 2.2)
[DEBUG]       org.springframework.boot:spring-boot-starter-json:jar:3.2.3:compile (version managed from 3.2.3)
[DEBUG]          com.fasterxml.jackson.datatype:jackson-datatype-jdk8:jar:2.15.4:compile (version managed from 2.15.4)
[DEBUG]          com.fasterxml.jackson.datatype:jackson-datatype-jsr310:jar:2.15.4:compile (version managed from 2.15.4)
[DEBUG]          com.fasterxml.jackson.module:jackson-module-parameter-names:jar:2.15.4:compile (version managed from 2.15.4)
[DEBUG]       org.springframework.boot:spring-boot-starter-tomcat:jar:3.2.3:compile (version managed from 3.2.3)
[DEBUG]          org.apache.tomcat.embed:tomcat-embed-core:jar:10.1.19:compile (version managed from 10.1.19)
[DEBUG]          org.apache.tomcat.embed:tomcat-embed-websocket:jar:10.1.19:compile (version managed from 10.1.19)
[DEBUG]       org.springframework:spring-web:jar:6.1.4:compile (version managed from 6.1.4)
[DEBUG]          org.springframework:spring-beans:jar:6.1.4:compile (version managed from 6.1.4)
[DEBUG]          io.micrometer:micrometer-observation:jar:1.12.3:compile (version managed from 1.12.3)
[DEBUG]             io.micrometer:micrometer-commons:jar:1.12.3:compile (version managed from 1.12.3)
[DEBUG]       org.springframework:spring-webmvc:jar:6.1.4:compile (version managed from 6.1.4)
[DEBUG]          org.springframework:spring-context:jar:6.1.4:compile (version managed from 6.1.4)
[DEBUG]          org.springframework:spring-expression:jar:6.1.4:compile (version managed from 6.1.4)
[DEBUG]    org.springframework.boot:spring-boot-starter-data-jpa:jar:3.2.3:compile
[DEBUG]       org.springframework.boot:spring-boot-starter-aop:jar:3.2.3:compile (version managed from 3.2.3)
[DEBUG]          org.aspectj:aspectjweaver:jar:1.9.21:compile (version managed from 1.9.21)
[DEBUG]       org.springframework.boot:spring-boot-starter-jdbc:jar:3.2.3:compile (version managed from 3.2.3)
[DEBUG]          com.zaxxer:HikariCP:jar:5.0.1:compile (version managed from 5.0.1)
[DEBUG]          org.springframework:spring-jdbc:jar:6.1.4:compile (version managed from 6.1.4)
[DEBUG]       org.hibernate.orm:hibernate-core:jar:6.4.4.Final:compile (version managed from 6.4.4.Final)
[DEBUG]          jakarta.persistence:jakarta.persistence-api:jar:3.1.0:compile (version managed from 3.1.0)
[DEBUG]          jakarta.transaction:jakarta.transaction-api:jar:2.0.1:compile (version managed from 2.0.1)
[DEBUG]          org.jboss.logging:jboss-logging:jar:3.5.3.Final:compile (version managed from 3.5.0.Final)
[DEBUG]          org.hibernate.common:hibernate-commons-annotations:jar:6.0.6.Final:runtime
[DEBUG]          io.smallrye:jandex:jar:3.1.2:runtime
[DEBUG]          com.fasterxml:classmate:jar:1.6.0:compile (version managed from 1.5.1)
[DEBUG]          net.bytebuddy:byte-buddy:jar:1.14.12:runtime (version managed from 1.14.11)
[DEBUG]          org.glassfish.jaxb:jaxb-runtime:jar:4.0.4:runtime (version managed from 4.0.2)
[DEBUG]             org.glassfish.jaxb:jaxb-core:jar:4.0.4:runtime (version managed from 4.0.4)
[DEBUG]                org.eclipse.angus:angus-activation:jar:2.0.1:runtime (version managed from 2.0.1)
[DEBUG]                org.glassfish.jaxb:txw2:jar:4.0.4:runtime (version managed from 4.0.4)
[DEBUG]                com.sun.istack:istack-commons-runtime:jar:4.1.2:runtime (version managed from 4.1.2)
[DEBUG]          jakarta.inject:jakarta.inject-api:jar:2.0.1:runtime
[DEBUG]          org.antlr:antlr4-runtime:jar:4.13.0:compile
[DEBUG]       org.springframework.data:spring-data-jpa:jar:3.2.3:compile (version managed from 3.2.3)
[DEBUG]          org.springframework.data:spring-data-commons:jar:3.2.3:compile (version managed from 3.2.3)
[DEBUG]          org.springframework:spring-orm:jar:6.1.4:compile (version managed from 6.1.4)
[DEBUG]          org.springframework:spring-tx:jar:6.1.4:compile (version managed from 6.1.4)
[DEBUG]          org.slf4j:slf4j-api:jar:2.0.12:compile (version managed from 2.0.2)
[DEBUG]       org.springframework:spring-aspects:jar:6.1.4:compile (version managed from 6.1.4)
[DEBUG]    org.springframework.boot:spring-boot-starter-security:jar:3.2.3:compile
[DEBUG]       org.springframework:spring-aop:jar:6.1.4:compile (version managed from 6.1.4)
[DEBUG]       org.springframework.security:spring-security-config:jar:6.2.2:compile (version managed from 6.2.2)
[DEBUG]       org.springframework.security:spring-security-web:jar:6.2.2:compile (version managed from 6.2.2)
[DEBUG]    org.springframework.boot:spring-boot-starter-websocket:jar:3.2.3:compile
[DEBUG]       org.springframework:spring-messaging:jar:6.1.4:compile (version managed from 6.1.4)
[DEBUG]       org.springframework:spring-websocket:jar:6.1.4:compile (version managed from 6.1.4)
[DEBUG]    org.springframework.boot:spring-boot-starter-validation:jar:3.2.3:compile
[DEBUG]       org.apache.tomcat.embed:tomcat-embed-el:jar:10.1.19:compile (version managed from 10.1.19)
[DEBUG]       org.hibernate.validator:hibernate-validator:jar:8.0.1.Final:compile (version managed from 8.0.1.Final)
[DEBUG]          jakarta.validation:jakarta.validation-api:jar:3.0.2:compile (version managed from 3.0.2)
[DEBUG]    org.postgresql:postgresql:jar:42.6.1:runtime
[DEBUG]       org.checkerframework:checker-qual:jar:3.31.0:runtime
[DEBUG]    io.jsonwebtoken:jjwt-api:jar:0.11.5:compile
[DEBUG]    io.jsonwebtoken:jjwt-impl:jar:0.11.5:runtime
[DEBUG]    io.jsonwebtoken:jjwt-jackson:jar:0.11.5:runtime
[DEBUG]       com.fasterxml.jackson.core:jackson-databind:jar:2.15.4:compile (version managed from 2.12.6.1)
[DEBUG]          com.fasterxml.jackson.core:jackson-annotations:jar:2.15.4:compile (version managed from 2.15.4)
[DEBUG]          com.fasterxml.jackson.core:jackson-core:jar:2.15.4:compile (version managed from 2.15.4)
[DEBUG]    org.apache.pdfbox:pdfbox:jar:3.0.1:compile
[DEBUG]       org.apache.pdfbox:pdfbox-io:jar:3.0.1:compile
[DEBUG]       org.apache.pdfbox:fontbox:jar:3.0.1:compile
[DEBUG]       commons-logging:commons-logging:jar:1.2:compile
[DEBUG]       org.junit.jupiter:junit-jupiter:jar:5.10.2:compile (version managed from 5.10.1)
[DEBUG]          org.junit.jupiter:junit-jupiter-api:jar:5.10.2:compile (version managed from 5.10.2)
[DEBUG]             org.opentest4j:opentest4j:jar:1.3.0:compile
[DEBUG]             org.junit.platform:junit-platform-commons:jar:1.10.2:compile (version managed from 1.10.2)
[DEBUG]             org.apiguardian:apiguardian-api:jar:1.1.2:compile
[DEBUG]          org.junit.jupiter:junit-jupiter-params:jar:5.10.2:compile (version managed from 5.10.2)
[DEBUG]          org.junit.jupiter:junit-jupiter-engine:jar:5.10.2:runtime (version managed from 5.10.2)
[DEBUG]             org.junit.platform:junit-platform-engine:jar:1.10.2:runtime (version managed from 1.10.2)
[DEBUG]    com.itextpdf:itextpdf:jar:5.5.13.3:compile
[DEBUG]    org.projectlombok:lombok:jar:1.18.34:compile (optional)
[DEBUG]    commons-io:commons-io:jar:2.15.1:compile
[DEBUG]    org.springframework.boot:spring-boot-starter-test:jar:3.2.3:test
[DEBUG]       org.springframework.boot:spring-boot-test:jar:3.2.3:test (version managed from 3.2.3)
[DEBUG]       org.springframework.boot:spring-boot-test-autoconfigure:jar:3.2.3:test (version managed from 3.2.3)
[DEBUG]       com.jayway.jsonpath:json-path:jar:2.9.0:test (version managed from 2.9.0)
[DEBUG]       jakarta.xml.bind:jakarta.xml.bind-api:jar:4.0.1:runtime (version managed from 4.0.1)
[DEBUG]          jakarta.activation:jakarta.activation-api:jar:2.1.2:runtime (version managed from 2.1.2)
[DEBUG]       net.minidev:json-smart:jar:2.5.0:test (version managed from 2.5.0)
[DEBUG]          net.minidev:accessors-smart:jar:2.5.0:test
[DEBUG]             org.ow2.asm:asm:jar:9.3:test
[DEBUG]       org.assertj:assertj-core:jar:3.24.2:test (version managed from 3.24.2)
[DEBUG]       org.awaitility:awaitility:jar:4.2.0:test (version managed from 4.2.0)
[DEBUG]       org.hamcrest:hamcrest:jar:2.2:test (version managed from 2.2)
[DEBUG]       org.mockito:mockito-core:jar:5.7.0:test (version managed from 5.7.0)
[DEBUG]          net.bytebuddy:byte-buddy-agent:jar:1.14.12:test (version managed from 1.14.9)
[DEBUG]          org.objenesis:objenesis:jar:3.3:test
[DEBUG]       org.mockito:mockito-junit-jupiter:jar:5.7.0:test (version managed from 5.7.0)
[DEBUG]       org.skyscreamer:jsonassert:jar:1.5.1:test (version managed from 1.5.1)
[DEBUG]          com.vaadin.external.google:android-json:jar:0.0.20131108.vaadin1:test
[DEBUG]       org.springframework:spring-core:jar:6.1.4:compile (version managed from 6.1.4)
[DEBUG]          org.springframework:spring-jcl:jar:6.1.4:compile (version managed from 6.1.4)
[DEBUG]       org.springframework:spring-test:jar:6.1.4:test (version managed from 6.1.4)
[DEBUG]       org.xmlunit:xmlunit-core:jar:2.9.1:test (version managed from 2.9.1)
[DEBUG]    org.springframework.security:spring-security-test:jar:6.2.2:test
[DEBUG]       org.springframework.security:spring-security-core:jar:6.2.2:compile (version managed from 6.2.2)
[DEBUG]          org.springframework.security:spring-security-crypto:jar:6.2.2:compile (version managed from 6.2.2)
[INFO] 
[INFO] --- clean:3.3.2:clean (default-clean) @ backend ---
[DEBUG] Dependency collection stats {ConflictMarker.analyzeTime=77916, ConflictMarker.markTime=28375, ConflictMarker.nodeCount=2, ConflictIdSorter.graphTime=35000, ConflictIdSorter.topsortTime=6375, ConflictIdSorter.conflictIdCount=2, ConflictIdSorter.conflictIdCycleCount=0, ConflictResolver.totalTime=35250, ConflictResolver.conflictItemCount=2, DfDependencyCollector.collectTime=4683917, DfDependencyCollector.transformTime=192541}
[DEBUG] org.apache.maven.plugins:maven-clean-plugin:jar:3.3.2
[DEBUG]    org.codehaus.plexus:plexus-utils:jar:4.0.0:compile
[DEBUG] Created new class realm plugin>org.apache.maven.plugins:maven-clean-plugin:3.3.2
[DEBUG] Importing foreign packages into class realm plugin>org.apache.maven.plugins:maven-clean-plugin:3.3.2
[DEBUG]   Imported:  < maven.api
[DEBUG] Populating class realm plugin>org.apache.maven.plugins:maven-clean-plugin:3.3.2
[DEBUG]   Included: org.apache.maven.plugins:maven-clean-plugin:jar:3.3.2
[DEBUG]   Included: org.codehaus.plexus:plexus-utils:jar:4.0.0
[DEBUG] Loading mojo org.apache.maven.plugins:maven-clean-plugin:3.3.2:clean from plugin realm ClassRealm[plugin>org.apache.maven.plugins:maven-clean-plugin:3.3.2, parent: jdk.internal.loader.ClassLoaders$AppClassLoader@5bc2b487]
[DEBUG] Configuring mojo execution 'org.apache.maven.plugins:maven-clean-plugin:3.3.2:clean:default-clean' with basic configurator -->
[DEBUG]   (f) directory = /Users/raghavchanana/Desktop/project/backend/target
[DEBUG]   (f) excludeDefaultDirectories = false
[DEBUG]   (f) failOnError = true
[DEBUG]   (f) fast = false
[DEBUG]   (f) fastMode = background
[DEBUG]   (f) followSymLinks = false
[DEBUG]   (f) outputDirectory = /Users/raghavchanana/Desktop/project/backend/target/classes
[DEBUG]   (f) reportDirectory = /Users/raghavchanana/Desktop/project/backend/target/classes
[DEBUG]   (f) retryOnError = true
[DEBUG]   (f) session = org.apache.maven.execution.MavenSession@1e86a5a7
[DEBUG]   (f) skip = false
[DEBUG]   (f) testOutputDirectory = /Users/raghavchanana/Desktop/project/backend/target/test-classes
[DEBUG] -- end configuration --
[INFO] Deleting /Users/raghavchanana/Desktop/project/backend/target
[INFO] Deleting directory /Users/raghavchanana/Desktop/project/backend/target/generated-test-sources/test-annotations
[INFO] Deleting directory /Users/raghavchanana/Desktop/project/backend/target/generated-test-sources
[INFO] Deleting file /Users/raghavchanana/Desktop/project/backend/target/maven-status/maven-compiler-plugin/compile/default-compile/inputFiles.lst
[INFO] Deleting directory /Users/raghavchanana/Desktop/project/backend/target/maven-status/maven-compiler-plugin/compile/default-compile
[INFO] Deleting directory /Users/raghavchanana/Desktop/project/backend/target/maven-status/maven-compiler-plugin/compile
[INFO] Deleting directory /Users/raghavchanana/Desktop/project/backend/target/maven-status/maven-compiler-plugin
[INFO] Deleting directory /Users/raghavchanana/Desktop/project/backend/target/maven-status
[INFO] Deleting file /Users/raghavchanana/Desktop/project/backend/target/classes/application.properties
[INFO] Deleting directory /Users/raghavchanana/Desktop/project/backend/target/classes
[INFO] Deleting directory /Users/raghavchanana/Desktop/project/backend/target/generated-sources/annotations
[INFO] Deleting directory /Users/raghavchanana/Desktop/project/backend/target/generated-sources
[INFO] Deleting directory /Users/raghavchanana/Desktop/project/backend/target
[DEBUG] Skipping non-existing directory /Users/raghavchanana/Desktop/project/backend/target/classes
[DEBUG] Skipping non-existing directory /Users/raghavchanana/Desktop/project/backend/target/test-classes
[DEBUG] Skipping non-existing directory /Users/raghavchanana/Desktop/project/backend/target/classes
[INFO] 
[INFO] --- resources:3.3.1:resources (default-resources) @ backend ---
[DEBUG] Dependency collection stats {ConflictMarker.analyzeTime=35000, ConflictMarker.markTime=14250, ConflictMarker.nodeCount=13, ConflictIdSorter.graphTime=27458, ConflictIdSorter.topsortTime=7750, ConflictIdSorter.conflictIdCount=9, ConflictIdSorter.conflictIdCycleCount=0, ConflictResolver.totalTime=91292, ConflictResolver.conflictItemCount=13, DfDependencyCollector.collectTime=23943458, DfDependencyCollector.transformTime=186459}
[DEBUG] org.apache.maven.plugins:maven-resources-plugin:jar:3.3.1
[DEBUG]    org.codehaus.plexus:plexus-interpolation:jar:1.26:runtime
[DEBUG]    org.codehaus.plexus:plexus-utils:jar:3.5.1:compile
[DEBUG]    org.apache.maven.shared:maven-filtering:jar:3.3.1:compile
[DEBUG]       javax.inject:javax.inject:jar:1:compile
[DEBUG]       org.slf4j:slf4j-api:jar:1.7.36:compile
[DEBUG]       org.sonatype.plexus:plexus-build-api:jar:0.0.7:compile
[DEBUG]    commons-io:commons-io:jar:2.11.0:compile
[DEBUG]    org.apache.commons:commons-lang3:jar:3.12.0:compile
[DEBUG] Created new class realm plugin>org.apache.maven.plugins:maven-resources-plugin:3.3.1
[DEBUG] Importing foreign packages into class realm plugin>org.apache.maven.plugins:maven-resources-plugin:3.3.1
[DEBUG]   Imported:  < maven.api
[DEBUG] Populating class realm plugin>org.apache.maven.plugins:maven-resources-plugin:3.3.1
[DEBUG]   Included: org.apache.maven.plugins:maven-resources-plugin:jar:3.3.1
[DEBUG]   Included: org.codehaus.plexus:plexus-interpolation:jar:1.26
[DEBUG]   Included: org.codehaus.plexus:plexus-utils:jar:3.5.1
[DEBUG]   Included: org.apache.maven.shared:maven-filtering:jar:3.3.1
[DEBUG]   Included: org.sonatype.plexus:plexus-build-api:jar:0.0.7
[DEBUG]   Included: commons-io:commons-io:jar:2.11.0
[DEBUG]   Included: org.apache.commons:commons-lang3:jar:3.12.0
[DEBUG] Loading mojo org.apache.maven.plugins:maven-resources-plugin:3.3.1:resources from plugin realm ClassRealm[plugin>org.apache.maven.plugins:maven-resources-plugin:3.3.1, parent: jdk.internal.loader.ClassLoaders$AppClassLoader@5bc2b487]
[DEBUG] Configuring mojo execution 'org.apache.maven.plugins:maven-resources-plugin:3.3.1:resources:default-resources' with basic configurator -->
[DEBUG]   (f) addDefaultExcludes = true
[DEBUG]   (f) buildFilters = []
[DEBUG]   (s) delimiters = [@]
[DEBUG]   (f) encoding = UTF-8
[DEBUG]   (f) escapeWindowsPaths = true
[DEBUG]   (f) fileNameFiltering = false
[DEBUG]   (s) includeEmptyDirs = false
[DEBUG]   (s) outputDirectory = /Users/raghavchanana/Desktop/project/backend/target/classes
[DEBUG]   (s) overwrite = false
[DEBUG]   (f) project = MavenProject: com.mockinterview:backend:0.0.1-SNAPSHOT @ /Users/raghavchanana/Desktop/project/backend/pom.xml
[DEBUG]   (f) propertiesEncoding = UTF-8
[DEBUG]   (s) resources = [Resource {targetPath: null, filtering: true, FileSet {directory: /Users/raghavchanana/Desktop/project/backend/src/main/resources, PatternSet [includes: {**/application*.yml, **/application*.yaml, **/application*.properties}, excludes: {}]}}, Resource {targetPath: null, filtering: false, FileSet {directory: /Users/raghavchanana/Desktop/project/backend/src/main/resources, PatternSet [includes: {}, excludes: {**/application*.yml, **/application*.yaml, **/application*.properties}]}}]
[DEBUG]   (f) session = org.apache.maven.execution.MavenSession@1e86a5a7
[DEBUG]   (f) skip = false
[DEBUG]   (f) supportMultiLineFiltering = false
[DEBUG]   (f) useBuildFilters = true
[DEBUG]   (s) useDefaultDelimiters = false
[DEBUG] -- end configuration --
[DEBUG] properties used:
[DEBUG] activemq.version: 5.18.3
[DEBUG] angus-mail.version: 2.0.2
[DEBUG] apple.awt.application.name: Launcher
[DEBUG] artemis.version: 2.31.2
[DEBUG] aspectj.version: 1.9.21
[DEBUG] assertj.version: 3.24.2
[DEBUG] awaitility.version: 4.2.0
[DEBUG] brave.version: 5.16.0
[DEBUG] build-helper-maven-plugin.version: 3.4.0
[DEBUG] byte-buddy.version: 1.14.12
[DEBUG] cache2k.version: 2.6.1.Final
[DEBUG] caffeine.version: 3.1.8
[DEBUG] cassandra-driver.version: 4.17.0
[DEBUG] classmate.version: 1.6.0
[DEBUG] classworlds.conf: /opt/homebrew/Cellar/maven/3.9.11/libexec/bin/m2.conf
[DEBUG] commons-codec.version: 1.16.1
[DEBUG] commons-dbcp2.version: 2.10.0
[DEBUG] commons-lang3.version: 3.13.0
[DEBUG] commons-pool.version: 1.6
[DEBUG] commons-pool2.version: 2.12.0
[DEBUG] couchbase-client.version: 3.4.11
[DEBUG] crac.version: 1.4.0
[DEBUG] db2-jdbc.version: 11.5.9.0
[DEBUG] dependency-management-plugin.version: 1.1.4
[DEBUG] derby.version: 10.16.1.1
[DEBUG] dropwizard-metrics.version: 4.2.25
[DEBUG] ehcache3.version: 3.10.8
[DEBUG] elasticsearch-client.version: 8.10.4
[DEBUG] env.ANTIGRAVITY_AGENT: 1
[DEBUG] env.ANTIGRAVITY_EDITOR_APP_ROOT: /Applications/Antigravity.app/Contents/Resources/app
[DEBUG] env.ANTIGRAVITY_TRAJECTORY_ID: a4b4f47e-4570-4620-a77e-d9b691232cce
[DEBUG] env.COMMAND_MODE: unix2003
[DEBUG] env.HOME: /Users/raghavchanana
[DEBUG] env.JAVA_HOME: /opt/homebrew/opt/openjdk/libexec/openjdk.jdk/Contents/Home
[DEBUG] env.LOGNAME: raghavchanana
[DEBUG] env.MAVEN_CMD_LINE_ARGS:  clean compile -X
[DEBUG] env.MAVEN_PROJECTBASEDIR: /Users/raghavchanana/Desktop/project/backend
[DEBUG] env.MallocNanoZone: 0
[DEBUG] env.OLDPWD: /Users/raghavchanana/Desktop/project/backend
[DEBUG] env.OSLogRateLimit: 64
[DEBUG] env.PAGER: cat
[DEBUG] env.PATH: /opt/homebrew/bin:/usr/local/bin:/usr/bin:/bin:/usr/sbin:/sbin
[DEBUG] env.PWD: /Users/raghavchanana/Desktop/project/backend
[DEBUG] env.SHELL: /bin/zsh
[DEBUG] env.SHLVL: 1
[DEBUG] env.SSH_AUTH_SOCK: /private/tmp/com.apple.launchd.nqEzPEtrvl/Listeners
[DEBUG] env.TERM: dumb
[DEBUG] env.TMPDIR: /var/folders/kv/wctml0g14r1g6vd_xbw7yq8h0000gn/T/
[DEBUG] env.USER: raghavchanana
[DEBUG] env.VSCODE_CODE_CACHE_PATH: /Users/raghavchanana/Library/Application Support/Antigravity/CachedData/62335c71d47037adf0a8de54e250bb8ea6016b15
[DEBUG] env.VSCODE_CWD: /
[DEBUG] env.VSCODE_IPC_HOOK: /Users/raghavchanana/Library/Application Support/Antigravity/1.10-main.sock
[DEBUG] env.VSCODE_NLS_CONFIG: {"userLocale":"en-gb","osLocale":"en-in","resolvedLanguage":"en","defaultMessagesFile":"/Applications/Antigravity.app/Contents/Resources/app/out/nls.messages.json","locale":"en-gb","availableLanguages":{}}
[DEBUG] env.VSCODE_PID: 8959
[DEBUG] env.XPC_FLAGS: 0x0
[DEBUG] env.XPC_SERVICE_NAME: 0
[DEBUG] env.__CFBundleIdentifier: com.google.antigravity
[DEBUG] env.__CF_USER_TEXT_ENCODING: 0x1F5:0x0:0x0
[DEBUG] file.encoding: UTF-8
[DEBUG] file.separator: /
[DEBUG] flyway.version: 9.22.3
[DEBUG] freemarker.version: 2.3.32
[DEBUG] ftp.nonProxyHosts: local|*.local|169.254/16|*.169.254/16
[DEBUG] git-commit-id-maven-plugin.version: 6.0.0
[DEBUG] glassfish-jaxb.version: 4.0.4
[DEBUG] glassfish-jstl.version: 3.0.1
[DEBUG] graphql-java.version: 21.3
[DEBUG] groovy.version: 4.0.18
[DEBUG] gson.version: 2.10.1
[DEBUG] h2.version: 2.2.224
[DEBUG] hamcrest.version: 2.2
[DEBUG] hazelcast.version: 5.3.6
[DEBUG] hibernate-validator.version: 8.0.1.Final
[DEBUG] hibernate.version: 6.4.4.Final
[DEBUG] hikaricp.version: 5.0.1
[DEBUG] hsqldb.version: 2.7.2
[DEBUG] htmlunit.version: 2.70.0
[DEBUG] http.nonProxyHosts: local|*.local|169.254/16|*.169.254/16
[DEBUG] httpasyncclient.version: 4.1.5
[DEBUG] httpclient5.version: 5.2.3
[DEBUG] httpcore.version: 4.4.16
[DEBUG] httpcore5.version: 5.2.4
[DEBUG] infinispan.version: 14.0.24.Final
[DEBUG] influxdb-java.version: 2.23
[DEBUG] jackson-bom.version: 2.15.4
[DEBUG] jakarta-activation.version: 2.1.2
[DEBUG] jakarta-annotation.version: 2.1.1
[DEBUG] jakarta-jms.version: 3.1.0
[DEBUG] jakarta-json-bind.version: 3.0.0
[DEBUG] jakarta-json.version: 2.1.3
[DEBUG] jakarta-mail.version: 2.1.2
[DEBUG] jakarta-management.version: 1.1.4
[DEBUG] jakarta-persistence.version: 3.1.0
[DEBUG] jakarta-servlet-jsp-jstl.version: 3.0.0
[DEBUG] jakarta-servlet.version: 6.0.0
[DEBUG] jakarta-transaction.version: 2.0.1
[DEBUG] jakarta-validation.version: 3.0.2
[DEBUG] jakarta-websocket.version: 2.1.1
[DEBUG] jakarta-ws-rs.version: 3.1.0
[DEBUG] jakarta-xml-bind.version: 4.0.1
[DEBUG] jakarta-xml-soap.version: 3.0.1
[DEBUG] jakarta-xml-ws.version: 4.0.1
[DEBUG] janino.version: 3.1.12
[DEBUG] java.class.path: /opt/homebrew/Cellar/maven/3.9.11/libexec/boot/plexus-classworlds-2.9.0.jar
[DEBUG] java.class.version: 69.0
[DEBUG] java.home: /opt/homebrew/Cellar/openjdk/25.0.1/libexec/openjdk.jdk/Contents/Home
[DEBUG] java.io.tmpdir: /var/folders/kv/wctml0g14r1g6vd_xbw7yq8h0000gn/T/
[DEBUG] java.library.path: /Users/raghavchanana/Library/Java/Extensions:/Library/Java/Extensions:/Network/Library/Java/Extensions:/System/Library/Java/Extensions:/usr/lib/java:.
[DEBUG] java.runtime.name: OpenJDK Runtime Environment
[DEBUG] java.runtime.version: 25.0.1
[DEBUG] java.specification.name: Java Platform API Specification
[DEBUG] java.specification.vendor: Oracle Corporation
[DEBUG] java.specification.version: 25
[DEBUG] java.vendor: Homebrew
[DEBUG] java.vendor.url: https://github.com/Homebrew/homebrew-core/issues
[DEBUG] java.vendor.url.bug: https://github.com/Homebrew/homebrew-core/issues
[DEBUG] java.vendor.version: Homebrew
[DEBUG] java.version: 25.0.1
[DEBUG] java.version.date: 2025-10-21
[DEBUG] java.vm.compressedOopsMode: Zero based
[DEBUG] java.vm.info: mixed mode, sharing
[DEBUG] java.vm.name: OpenJDK 64-Bit Server VM
[DEBUG] java.vm.specification.name: Java Virtual Machine Specification
[DEBUG] java.vm.specification.vendor: Oracle Corporation
[DEBUG] java.vm.specification.version: 25
[DEBUG] java.vm.vendor: Homebrew
[DEBUG] java.vm.version: 25.0.1
[DEBUG] javax-cache.version: 1.1.1
[DEBUG] javax-money.version: 1.1
[DEBUG] jaxen.version: 2.0.0
[DEBUG] jaybird.version: 5.0.3.java11
[DEBUG] jboss-logging.version: 3.5.3.Final
[DEBUG] jdk.debug: release
[DEBUG] jdom2.version: 2.0.6.1
[DEBUG] jedis.version: 5.0.2
[DEBUG] jersey.version: 3.1.5
[DEBUG] jetty-reactive-httpclient.version: 4.0.3
[DEBUG] jetty.version: 12.0.6
[DEBUG] jmustache.version: 1.15
[DEBUG] jooq.version: 3.18.11
[DEBUG] json-path.version: 2.9.0
[DEBUG] json-smart.version: 2.5.0
[DEBUG] jsonassert.version: 1.5.1
[DEBUG] jtds.version: 1.3.1
[DEBUG] junit-jupiter.version: 5.10.2
[DEBUG] junit.version: 4.13.2
[DEBUG] kafka.version: 3.6.1
[DEBUG] kotlin-coroutines.version: 1.7.3
[DEBUG] kotlin-serialization.version: 1.6.3
[DEBUG] kotlin.version: 1.9.22
[DEBUG] lettuce.version: 6.3.1.RELEASE
[DEBUG] library.jansi.path: /opt/homebrew/Cellar/maven/3.9.11/libexec/lib/jansi-native
[DEBUG] line.separator: 

[DEBUG] liquibase.version: 4.24.0
[DEBUG] log4j2.version: 2.21.1
[DEBUG] logback.version: 1.4.14
[DEBUG] lombok.version: 1.18.34
[DEBUG] mariadb.version: 3.3.3
[DEBUG] maven-antrun-plugin.version: 3.1.0
[DEBUG] maven-assembly-plugin.version: 3.6.0
[DEBUG] maven-clean-plugin.version: 3.3.2
[DEBUG] maven-compiler-plugin.version: 3.11.0
[DEBUG] maven-dependency-plugin.version: 3.6.1
[DEBUG] maven-deploy-plugin.version: 3.1.1
[DEBUG] maven-enforcer-plugin.version: 3.4.1
[DEBUG] maven-failsafe-plugin.version: 3.1.2
[DEBUG] maven-help-plugin.version: 3.4.0
[DEBUG] maven-install-plugin.version: 3.1.1
[DEBUG] maven-invoker-plugin.version: 3.6.0
[DEBUG] maven-jar-plugin.version: 3.3.0
[DEBUG] maven-javadoc-plugin.version: 3.6.3
[DEBUG] maven-resources-plugin.version: 3.3.1
[DEBUG] maven-shade-plugin.version: 3.5.2
[DEBUG] maven-source-plugin.version: 3.3.0
[DEBUG] maven-surefire-plugin.version: 3.1.2
[DEBUG] maven-war-plugin.version: 3.4.0
[DEBUG] maven.build.timestamp: 2026-04-19T09:42:35Z
[DEBUG] maven.build.version: Apache Maven 3.9.11 (3e54c93a704957b63ee3494413a2b544fd3d825b)
[DEBUG] maven.compiler.release: 17
[DEBUG] maven.conf: /opt/homebrew/Cellar/maven/3.9.11/libexec/conf
[DEBUG] maven.home: /opt/homebrew/Cellar/maven/3.9.11/libexec
[DEBUG] maven.multiModuleProjectDirectory: /Users/raghavchanana/Desktop/project/backend
[DEBUG] maven.version: 3.9.11
[DEBUG] micrometer-tracing.version: 1.2.3
[DEBUG] micrometer.version: 1.12.3
[DEBUG] mockito.version: 5.7.0
[DEBUG] mongodb.version: 4.11.1
[DEBUG] mssql-jdbc.version: 12.4.2.jre11
[DEBUG] mysql.version: 8.3.0
[DEBUG] native-build-tools-plugin.version: 0.9.28
[DEBUG] native.encoding: UTF-8
[DEBUG] nekohtml.version: 1.9.22
[DEBUG] neo4j-java-driver.version: 5.17.0
[DEBUG] netty.version: 4.1.107.Final
[DEBUG] okhttp.version: 4.12.0
[DEBUG] opentelemetry.version: 1.31.0
[DEBUG] oracle-database.version: 21.9.0.0
[DEBUG] oracle-r2dbc.version: 1.1.1
[DEBUG] os.arch: aarch64
[DEBUG] os.name: Mac OS X
[DEBUG] os.version: 26.1
[DEBUG] path.separator: :
[DEBUG] pooled-jms.version: 3.1.5
[DEBUG] postgresql.version: 42.6.1
[DEBUG] project.baseUri: file:/Users/raghavchanana/Desktop/project/backend/
[DEBUG] project.build.sourceEncoding: UTF-8
[DEBUG] project.reporting.outputEncoding: UTF-8
[DEBUG] prometheus-client.version: 0.16.0
[DEBUG] pulsar-reactive.version: 0.5.3
[DEBUG] pulsar.version: 3.1.2
[DEBUG] quartz.version: 2.3.2
[DEBUG] querydsl.version: 5.0.0
[DEBUG] r2dbc-h2.version: 1.0.0.RELEASE
[DEBUG] r2dbc-mariadb.version: 1.1.4
[DEBUG] r2dbc-mssql.version: 1.0.2.RELEASE
[DEBUG] r2dbc-mysql.version: 1.0.6
[DEBUG] r2dbc-pool.version: 1.0.1.RELEASE
[DEBUG] r2dbc-postgresql.version: 1.0.4.RELEASE
[DEBUG] r2dbc-proxy.version: 1.1.4.RELEASE
[DEBUG] r2dbc-spi.version: 1.0.0.RELEASE
[DEBUG] rabbit-amqp-client.version: 5.19.0
[DEBUG] rabbit-stream-client.version: 0.14.0
[DEBUG] reactive-streams.version: 1.0.4
[DEBUG] reactor-bom.version: 2023.0.3
[DEBUG] resource.delimiter: @
[DEBUG] rest-assured.version: 5.3.2
[DEBUG] rsocket.version: 1.1.3
[DEBUG] rxjava3.version: 3.1.8
[DEBUG] saaj-impl.version: 3.0.3
[DEBUG] selenium-htmlunit.version: 4.13.0
[DEBUG] selenium.version: 4.14.1
[DEBUG] sendgrid.version: 4.9.3
[DEBUG] slf4j.version: 2.0.12
[DEBUG] snakeyaml.version: 2.2
[DEBUG] socksNonProxyHosts: local|*.local|169.254/16|*.169.254/16
[DEBUG] spring-amqp.version: 3.1.2
[DEBUG] spring-authorization-server.version: 1.2.2
[DEBUG] spring-batch.version: 5.1.1
[DEBUG] spring-data-bom.version: 2023.1.3
[DEBUG] spring-framework.version: 6.1.4
[DEBUG] spring-graphql.version: 1.2.5
[DEBUG] spring-hateoas.version: 2.2.0
[DEBUG] spring-integration.version: 6.2.2
[DEBUG] spring-kafka.version: 3.1.2
[DEBUG] spring-ldap.version: 3.2.2
[DEBUG] spring-pulsar.version: 1.0.3
[DEBUG] spring-restdocs.version: 3.0.1
[DEBUG] spring-retry.version: 2.0.5
[DEBUG] spring-security.version: 6.2.2
[DEBUG] spring-session.version: 3.2.1
[DEBUG] spring-ws.version: 4.0.10
[DEBUG] sqlite-jdbc.version: 3.43.2.0
[DEBUG] stderr.encoding: UTF-8
[DEBUG] stdin.encoding: UTF-8
[DEBUG] stdout.encoding: UTF-8
[DEBUG] sun.arch.data.model: 64
[DEBUG] sun.boot.library.path: /opt/homebrew/Cellar/openjdk/25.0.1/libexec/openjdk.jdk/Contents/Home/lib
[DEBUG] sun.cpu.endian: little
[DEBUG] sun.io.unicode.encoding: UnicodeBig
[DEBUG] sun.java.command: org.codehaus.plexus.classworlds.launcher.Launcher clean compile -X
[DEBUG] sun.java.launcher: SUN_STANDARD
[DEBUG] sun.jnu.encoding: UTF-8
[DEBUG] sun.management.compiler: HotSpot 64-Bit Tiered Compilers
[DEBUG] testcontainers.version: 1.19.5
[DEBUG] thymeleaf-extras-data-attribute.version: 2.0.1
[DEBUG] thymeleaf-extras-springsecurity.version: 3.1.2.RELEASE
[DEBUG] thymeleaf-layout-dialect.version: 3.3.0
[DEBUG] thymeleaf.version: 3.1.2.RELEASE
[DEBUG] tomcat.version: 10.1.19
[DEBUG] unboundid-ldapsdk.version: 6.0.11
[DEBUG] undertow.version: 2.3.12.Final
[DEBUG] user.country: IN
[DEBUG] user.dir: /Users/raghavchanana/Desktop/project/backend
[DEBUG] user.home: /Users/raghavchanana
[DEBUG] user.language: en
[DEBUG] user.name: raghavchanana
[DEBUG] versions-maven-plugin.version: 2.16.2
[DEBUG] webjars-locator-core.version: 0.55
[DEBUG] wsdl4j.version: 1.6.3
[DEBUG] xml-maven-plugin.version: 1.1.0
[DEBUG] xmlunit2.version: 2.9.1
[DEBUG] yasson.version: 3.0.3
[DEBUG] Using 'UTF-8' encoding to copy filtered resources.
[DEBUG] Using 'UTF-8' encoding to copy filtered properties files.
[DEBUG] resource with targetPath null
directory /Users/raghavchanana/Desktop/project/backend/src/main/resources
excludes []
includes [**/application*.yml, **/application*.yaml, **/application*.properties]
[DEBUG] ignoreDelta true
[INFO] Copying 1 resource from src/main/resources to target/classes
[DEBUG] Copying file application.properties
[DEBUG] file application.properties has a filtered file extension
[DEBUG] Using 'UTF-8' encoding to copy filtered resource 'application.properties'.
[DEBUG] filtering /Users/raghavchanana/Desktop/project/backend/src/main/resources/application.properties to /Users/raghavchanana/Desktop/project/backend/target/classes/application.properties
[DEBUG] resource with targetPath null
directory /Users/raghavchanana/Desktop/project/backend/src/main/resources
excludes [**/application*.yml, **/application*.yaml, **/application*.properties]
includes []
[DEBUG] ignoreDelta true
[INFO] Copying 0 resource from src/main/resources to target/classes
[DEBUG] no user filter components
[INFO] 
[INFO] --- compiler:3.13.0:compile (default-compile) @ backend ---
[DEBUG] Dependency collection stats {ConflictMarker.analyzeTime=38083, ConflictMarker.markTime=14167, ConflictMarker.nodeCount=22, ConflictIdSorter.graphTime=21166, ConflictIdSorter.topsortTime=10500, ConflictIdSorter.conflictIdCount=14, ConflictIdSorter.conflictIdCycleCount=0, ConflictResolver.totalTime=180084, ConflictResolver.conflictItemCount=22, DfDependencyCollector.collectTime=19182875, DfDependencyCollector.transformTime=274875}
[DEBUG] org.apache.maven.plugins:maven-compiler-plugin:jar:3.13.0
[DEBUG]    org.apache.maven.shared:maven-shared-utils:jar:3.4.2:compile
[DEBUG]       org.slf4j:slf4j-api:jar:1.7.36:compile
[DEBUG]       commons-io:commons-io:jar:2.11.0:compile
[DEBUG]    org.apache.maven.shared:maven-shared-incremental:jar:1.1:compile
[DEBUG]    org.codehaus.plexus:plexus-java:jar:1.2.0:compile
[DEBUG]       org.ow2.asm:asm:jar:9.6:compile
[DEBUG]       com.thoughtworks.qdox:qdox:jar:2.0.3:compile
[DEBUG]    org.codehaus.plexus:plexus-compiler-api:jar:2.15.0:compile
[DEBUG]    org.codehaus.plexus:plexus-compiler-manager:jar:2.15.0:compile
[DEBUG]       javax.inject:javax.inject:jar:1:compile
[DEBUG]       org.codehaus.plexus:plexus-xml:jar:3.0.0:compile (version managed from default)
[DEBUG]    org.codehaus.plexus:plexus-compiler-javac:jar:2.15.0:runtime
[DEBUG]    org.codehaus.plexus:plexus-utils:jar:4.0.0:compile
[DEBUG] Created new class realm plugin>org.apache.maven.plugins:maven-compiler-plugin:3.13.0
[DEBUG] Importing foreign packages into class realm plugin>org.apache.maven.plugins:maven-compiler-plugin:3.13.0
[DEBUG]   Imported:  < maven.api
[DEBUG] Populating class realm plugin>org.apache.maven.plugins:maven-compiler-plugin:3.13.0
[DEBUG]   Included: org.apache.maven.plugins:maven-compiler-plugin:jar:3.13.0
[DEBUG]   Included: org.apache.maven.shared:maven-shared-utils:jar:3.4.2
[DEBUG]   Included: commons-io:commons-io:jar:2.11.0
[DEBUG]   Included: org.apache.maven.shared:maven-shared-incremental:jar:1.1
[DEBUG]   Included: org.codehaus.plexus:plexus-java:jar:1.2.0
[DEBUG]   Included: org.ow2.asm:asm:jar:9.6
[DEBUG]   Included: com.thoughtworks.qdox:qdox:jar:2.0.3
[DEBUG]   Included: org.codehaus.plexus:plexus-compiler-api:jar:2.15.0
[DEBUG]   Included: org.codehaus.plexus:plexus-compiler-manager:jar:2.15.0
[DEBUG]   Included: org.codehaus.plexus:plexus-xml:jar:3.0.0
[DEBUG]   Included: org.codehaus.plexus:plexus-compiler-javac:jar:2.15.0
[DEBUG]   Included: org.codehaus.plexus:plexus-utils:jar:4.0.0
[DEBUG] Loading mojo org.apache.maven.plugins:maven-compiler-plugin:3.13.0:compile from plugin realm ClassRealm[plugin>org.apache.maven.plugins:maven-compiler-plugin:3.13.0, parent: jdk.internal.loader.ClassLoaders$AppClassLoader@5bc2b487]
[DEBUG] Configuring mojo execution 'org.apache.maven.plugins:maven-compiler-plugin:3.13.0:compile:default-compile' with basic configurator -->
[DEBUG]   (s) groupId = org.projectlombok
[DEBUG]   (s) artifactId = lombok
[DEBUG]   (s) version = 1.18.34
[DEBUG]   (f) annotationProcessorPaths = [org.projectlombok:lombok:1.18.34.jar]
[DEBUG]   (f) annotationProcessorPathsUseDepMgmt = false
[DEBUG]   (f) basedir = /Users/raghavchanana/Desktop/project/backend
[DEBUG]   (f) buildDirectory = /Users/raghavchanana/Desktop/project/backend/target
[DEBUG]   (f) compilePath = [/Users/raghavchanana/Desktop/project/backend/target/classes, /Users/raghavchanana/.m2/repository/org/springframework/boot/spring-boot-starter-web/3.2.3/spring-boot-starter-web-3.2.3.jar, /Users/raghavchanana/.m2/repository/org/springframework/boot/spring-boot-starter/3.2.3/spring-boot-starter-3.2.3.jar, /Users/raghavchanana/.m2/repository/org/springframework/boot/spring-boot/3.2.3/spring-boot-3.2.3.jar, /Users/raghavchanana/.m2/repository/org/springframework/boot/spring-boot-autoconfigure/3.2.3/spring-boot-autoconfigure-3.2.3.jar, /Users/raghavchanana/.m2/repository/org/springframework/boot/spring-boot-starter-logging/3.2.3/spring-boot-starter-logging-3.2.3.jar, /Users/raghavchanana/.m2/repository/ch/qos/logback/logback-classic/1.4.14/logback-classic-1.4.14.jar, /Users/raghavchanana/.m2/repository/ch/qos/logback/logback-core/1.4.14/logback-core-1.4.14.jar, /Users/raghavchanana/.m2/repository/org/apache/logging/log4j/log4j-to-slf4j/2.21.1/log4j-to-slf4j-2.21.1.jar, /Users/raghavchanana/.m2/repository/org/apache/logging/log4j/log4j-api/2.21.1/log4j-api-2.21.1.jar, /Users/raghavchanana/.m2/repository/org/slf4j/jul-to-slf4j/2.0.12/jul-to-slf4j-2.0.12.jar, /Users/raghavchanana/.m2/repository/jakarta/annotation/jakarta.annotation-api/2.1.1/jakarta.annotation-api-2.1.1.jar, /Users/raghavchanana/.m2/repository/org/yaml/snakeyaml/2.2/snakeyaml-2.2.jar, /Users/raghavchanana/.m2/repository/org/springframework/boot/spring-boot-starter-json/3.2.3/spring-boot-starter-json-3.2.3.jar, /Users/raghavchanana/.m2/repository/com/fasterxml/jackson/datatype/jackson-datatype-jdk8/2.15.4/jackson-datatype-jdk8-2.15.4.jar, /Users/raghavchanana/.m2/repository/com/fasterxml/jackson/datatype/jackson-datatype-jsr310/2.15.4/jackson-datatype-jsr310-2.15.4.jar, /Users/raghavchanana/.m2/repository/com/fasterxml/jackson/module/jackson-module-parameter-names/2.15.4/jackson-module-parameter-names-2.15.4.jar, /Users/raghavchanana/.m2/repository/org/springframework/boot/spring-boot-starter-tomcat/3.2.3/spring-boot-starter-tomcat-3.2.3.jar, /Users/raghavchanana/.m2/repository/org/apache/tomcat/embed/tomcat-embed-core/10.1.19/tomcat-embed-core-10.1.19.jar, /Users/raghavchanana/.m2/repository/org/apache/tomcat/embed/tomcat-embed-websocket/10.1.19/tomcat-embed-websocket-10.1.19.jar, /Users/raghavchanana/.m2/repository/org/springframework/spring-web/6.1.4/spring-web-6.1.4.jar, /Users/raghavchanana/.m2/repository/org/springframework/spring-beans/6.1.4/spring-beans-6.1.4.jar, /Users/raghavchanana/.m2/repository/io/micrometer/micrometer-observation/1.12.3/micrometer-observation-1.12.3.jar, /Users/raghavchanana/.m2/repository/io/micrometer/micrometer-commons/1.12.3/micrometer-commons-1.12.3.jar, /Users/raghavchanana/.m2/repository/org/springframework/spring-webmvc/6.1.4/spring-webmvc-6.1.4.jar, /Users/raghavchanana/.m2/repository/org/springframework/spring-context/6.1.4/spring-context-6.1.4.jar, /Users/raghavchanana/.m2/repository/org/springframework/spring-expression/6.1.4/spring-expression-6.1.4.jar, /Users/raghavchanana/.m2/repository/org/springframework/boot/spring-boot-starter-data-jpa/3.2.3/spring-boot-starter-data-jpa-3.2.3.jar, /Users/raghavchanana/.m2/repository/org/springframework/boot/spring-boot-starter-aop/3.2.3/spring-boot-starter-aop-3.2.3.jar, /Users/raghavchanana/.m2/repository/org/aspectj/aspectjweaver/1.9.21/aspectjweaver-1.9.21.jar, /Users/raghavchanana/.m2/repository/org/springframework/boot/spring-boot-starter-jdbc/3.2.3/spring-boot-starter-jdbc-3.2.3.jar, /Users/raghavchanana/.m2/repository/com/zaxxer/HikariCP/5.0.1/HikariCP-5.0.1.jar, /Users/raghavchanana/.m2/repository/org/springframework/spring-jdbc/6.1.4/spring-jdbc-6.1.4.jar, /Users/raghavchanana/.m2/repository/org/hibernate/orm/hibernate-core/6.4.4.Final/hibernate-core-6.4.4.Final.jar, /Users/raghavchanana/.m2/repository/jakarta/persistence/jakarta.persistence-api/3.1.0/jakarta.persistence-api-3.1.0.jar, /Users/raghavchanana/.m2/repository/jakarta/transaction/jakarta.transaction-api/2.0.1/jakarta.transaction-api-2.0.1.jar, /Users/raghavchanana/.m2/repository/org/jboss/logging/jboss-logging/3.5.3.Final/jboss-logging-3.5.3.Final.jar, /Users/raghavchanana/.m2/repository/com/fasterxml/classmate/1.6.0/classmate-1.6.0.jar, /Users/raghavchanana/.m2/repository/org/antlr/antlr4-runtime/4.13.0/antlr4-runtime-4.13.0.jar, /Users/raghavchanana/.m2/repository/org/springframework/data/spring-data-jpa/3.2.3/spring-data-jpa-3.2.3.jar, /Users/raghavchanana/.m2/repository/org/springframework/data/spring-data-commons/3.2.3/spring-data-commons-3.2.3.jar, /Users/raghavchanana/.m2/repository/org/springframework/spring-orm/6.1.4/spring-orm-6.1.4.jar, /Users/raghavchanana/.m2/repository/org/springframework/spring-tx/6.1.4/spring-tx-6.1.4.jar, /Users/raghavchanana/.m2/repository/org/slf4j/slf4j-api/2.0.12/slf4j-api-2.0.12.jar, /Users/raghavchanana/.m2/repository/org/springframework/spring-aspects/6.1.4/spring-aspects-6.1.4.jar, /Users/raghavchanana/.m2/repository/org/springframework/boot/spring-boot-starter-security/3.2.3/spring-boot-starter-security-3.2.3.jar, /Users/raghavchanana/.m2/repository/org/springframework/spring-aop/6.1.4/spring-aop-6.1.4.jar, /Users/raghavchanana/.m2/repository/org/springframework/security/spring-security-config/6.2.2/spring-security-config-6.2.2.jar, /Users/raghavchanana/.m2/repository/org/springframework/security/spring-security-web/6.2.2/spring-security-web-6.2.2.jar, /Users/raghavchanana/.m2/repository/org/springframework/boot/spring-boot-starter-websocket/3.2.3/spring-boot-starter-websocket-3.2.3.jar, /Users/raghavchanana/.m2/repository/org/springframework/spring-messaging/6.1.4/spring-messaging-6.1.4.jar, /Users/raghavchanana/.m2/repository/org/springframework/spring-websocket/6.1.4/spring-websocket-6.1.4.jar, /Users/raghavchanana/.m2/repository/org/springframework/boot/spring-boot-starter-validation/3.2.3/spring-boot-starter-validation-3.2.3.jar, /Users/raghavchanana/.m2/repository/org/apache/tomcat/embed/tomcat-embed-el/10.1.19/tomcat-embed-el-10.1.19.jar, /Users/raghavchanana/.m2/repository/org/hibernate/validator/hibernate-validator/8.0.1.Final/hibernate-validator-8.0.1.Final.jar, /Users/raghavchanana/.m2/repository/jakarta/validation/jakarta.validation-api/3.0.2/jakarta.validation-api-3.0.2.jar, /Users/raghavchanana/.m2/repository/io/jsonwebtoken/jjwt-api/0.11.5/jjwt-api-0.11.5.jar, /Users/raghavchanana/.m2/repository/com/fasterxml/jackson/core/jackson-databind/2.15.4/jackson-databind-2.15.4.jar, /Users/raghavchanana/.m2/repository/com/fasterxml/jackson/core/jackson-annotations/2.15.4/jackson-annotations-2.15.4.jar, /Users/raghavchanana/.m2/repository/com/fasterxml/jackson/core/jackson-core/2.15.4/jackson-core-2.15.4.jar, /Users/raghavchanana/.m2/repository/org/apache/pdfbox/pdfbox/3.0.1/pdfbox-3.0.1.jar, /Users/raghavchanana/.m2/repository/org/apache/pdfbox/pdfbox-io/3.0.1/pdfbox-io-3.0.1.jar, /Users/raghavchanana/.m2/repository/org/apache/pdfbox/fontbox/3.0.1/fontbox-3.0.1.jar, /Users/raghavchanana/.m2/repository/commons-logging/commons-logging/1.2/commons-logging-1.2.jar, /Users/raghavchanana/.m2/repository/org/junit/jupiter/junit-jupiter/5.10.2/junit-jupiter-5.10.2.jar, /Users/raghavchanana/.m2/repository/org/junit/jupiter/junit-jupiter-api/5.10.2/junit-jupiter-api-5.10.2.jar, /Users/raghavchanana/.m2/repository/org/opentest4j/opentest4j/1.3.0/opentest4j-1.3.0.jar, /Users/raghavchanana/.m2/repository/org/junit/platform/junit-platform-commons/1.10.2/junit-platform-commons-1.10.2.jar, /Users/raghavchanana/.m2/repository/org/apiguardian/apiguardian-api/1.1.2/apiguardian-api-1.1.2.jar, /Users/raghavchanana/.m2/repository/org/junit/jupiter/junit-jupiter-params/5.10.2/junit-jupiter-params-5.10.2.jar, /Users/raghavchanana/.m2/repository/com/itextpdf/itextpdf/5.5.13.3/itextpdf-5.5.13.3.jar, /Users/raghavchanana/.m2/repository/org/projectlombok/lombok/1.18.34/lombok-1.18.34.jar, /Users/raghavchanana/.m2/repository/commons-io/commons-io/2.15.1/commons-io-2.15.1.jar, /Users/raghavchanana/.m2/repository/org/springframework/spring-core/6.1.4/spring-core-6.1.4.jar, /Users/raghavchanana/.m2/repository/org/springframework/spring-jcl/6.1.4/spring-jcl-6.1.4.jar, /Users/raghavchanana/.m2/repository/org/springframework/security/spring-security-core/6.2.2/spring-security-core-6.2.2.jar, /Users/raghavchanana/.m2/repository/org/springframework/security/spring-security-crypto/6.2.2/spring-security-crypto-6.2.2.jar]
[DEBUG]   (f) compileSourceRoots = [/Users/raghavchanana/Desktop/project/backend/src/main/java]
[DEBUG]   (f) compilerId = javac
[DEBUG]   (f) createMissingPackageInfoClass = true
[DEBUG]   (f) debug = true
[DEBUG]   (f) debugFileName = javac
[DEBUG]   (f) enablePreview = false
[DEBUG]   (f) encoding = UTF-8
[DEBUG]   (f) failOnError = true
[DEBUG]   (f) failOnWarning = false
[DEBUG]   (f) fileExtensions = [jar, class]
[DEBUG]   (f) forceJavacCompilerUse = false
[DEBUG]   (f) forceLegacyJavacApi = false
[DEBUG]   (f) fork = false
[DEBUG]   (f) generatedSourcesDirectory = /Users/raghavchanana/Desktop/project/backend/target/generated-sources/annotations
[DEBUG]   (f) mojoExecution = org.apache.maven.plugins:maven-compiler-plugin:3.13.0:compile {execution: default-compile}
[DEBUG]   (f) optimize = false
[DEBUG]   (f) outputDirectory = /Users/raghavchanana/Desktop/project/backend/target/classes
[DEBUG]   (f) parameters = true
[DEBUG]   (f) project = MavenProject: com.mockinterview:backend:0.0.1-SNAPSHOT @ /Users/raghavchanana/Desktop/project/backend/pom.xml
[DEBUG]   (f) projectArtifact = com.mockinterview:backend:jar:0.0.1-SNAPSHOT
[DEBUG]   (s) release = 17
[DEBUG]   (f) session = org.apache.maven.execution.MavenSession@1e86a5a7
[DEBUG]   (f) showCompilationChanges = false
[DEBUG]   (f) showDeprecation = false
[DEBUG]   (f) showWarnings = true
[DEBUG]   (f) skipMultiThreadWarning = false
[DEBUG]   (f) source = 1.8
[DEBUG]   (f) staleMillis = 0
[DEBUG]   (s) target = 1.8
[DEBUG]   (f) useIncrementalCompilation = true
[DEBUG]   (f) verbose = false
[DEBUG] -- end configuration --
[DEBUG] Using compiler 'javac'.
[DEBUG] Adding /Users/raghavchanana/Desktop/project/backend/target/generated-sources/annotations to compile source roots:
  /Users/raghavchanana/Desktop/project/backend/src/main/java
[DEBUG] New compile source roots:
  /Users/raghavchanana/Desktop/project/backend/src/main/java
  /Users/raghavchanana/Desktop/project/backend/target/generated-sources/annotations
[DEBUG] Dependency collection stats {ConflictMarker.analyzeTime=9875, ConflictMarker.markTime=8375, ConflictMarker.nodeCount=2, ConflictIdSorter.graphTime=1791, ConflictIdSorter.topsortTime=3417, ConflictIdSorter.conflictIdCount=1, ConflictIdSorter.conflictIdCycleCount=0, ConflictResolver.totalTime=41750, ConflictResolver.conflictItemCount=1, DfDependencyCollector.collectTime=732041, DfDependencyCollector.transformTime=73334}
[DEBUG] CompilerReuseStrategy: reuseCreated
[DEBUG] useIncrementalCompilation enabled
[INFO] 	Stale source detected: /Users/raghavchanana/Desktop/project/backend/src/main/java/com/mockinterview/interview/dto/QuestionResponse.java
[INFO] 	Stale source detected: /Users/raghavchanana/Desktop/project/backend/src/main/java/com/mockinterview/jobrole/model/JobRole.java
[INFO] 	Stale source detected: /Users/raghavchanana/Desktop/project/backend/src/main/java/com/mockinterview/dashboard/controller/DashboardController.java
[INFO] 	Stale source detected: /Users/raghavchanana/Desktop/project/backend/src/main/java/com/mockinterview/config/ApplicationConfig.java
[INFO] 	Stale source detected: /Users/raghavchanana/Desktop/project/backend/src/main/java/com/mockinterview/jobrole/repository/JobRoleRepository.java
[INFO] 	Stale source detected: /Users/raghavchanana/Desktop/project/backend/src/main/java/com/mockinterview/config/WebSocketConfig.java
[INFO] 	Stale source detected: /Users/raghavchanana/Desktop/project/backend/src/main/java/com/mockinterview/interview/service/InterviewService.java
[INFO] 	Stale source detected: /Users/raghavchanana/Desktop/project/backend/src/main/java/com/mockinterview/notification/repository/NotificationRepository.java
[INFO] 	Stale source detected: /Users/raghavchanana/Desktop/project/backend/src/main/java/com/mockinterview/exception/GlobalExceptionHandler.java
[INFO] 	Stale source detected: /Users/raghavchanana/Desktop/project/backend/src/main/java/com/mockinterview/interview/repository/InterviewSessionRepository.java
[INFO] 	Stale source detected: /Users/raghavchanana/Desktop/project/backend/src/main/java/com/mockinterview/auth/JwtService.java
[INFO] 	Stale source detected: /Users/raghavchanana/Desktop/project/backend/src/main/java/com/mockinterview/interview/dto/StartSessionRequest.java
[INFO] 	Stale source detected: /Users/raghavchanana/Desktop/project/backend/src/main/java/com/mockinterview/interview/model/InterviewType.java
[INFO] 	Stale source detected: /Users/raghavchanana/Desktop/project/backend/src/main/java/com/mockinterview/interview/dto/AnswerRequest.java
[INFO] 	Stale source detected: /Users/raghavchanana/Desktop/project/backend/src/main/java/com/mockinterview/admin/controller/AdminController.java
[INFO] 	Stale source detected: /Users/raghavchanana/Desktop/project/backend/src/main/java/com/mockinterview/interview/model/Difficulty.java
[INFO] 	Stale source detected: /Users/raghavchanana/Desktop/project/backend/src/main/java/com/mockinterview/exception/ResourceNotFoundException.java
[INFO] 	Stale source detected: /Users/raghavchanana/Desktop/project/backend/src/main/java/com/mockinterview/notification/model/NotificationType.java
[INFO] 	Stale source detected: /Users/raghavchanana/Desktop/project/backend/src/main/java/com/mockinterview/interview/dto/AnswerFeedbackResponse.java
[INFO] 	Stale source detected: /Users/raghavchanana/Desktop/project/backend/src/main/java/com/mockinterview/user/dto/UpdateProfileRequest.java
[INFO] 	Stale source detected: /Users/raghavchanana/Desktop/project/backend/src/main/java/com/mockinterview/auth/dto/RegisterRequest.java
[INFO] 	Stale source detected: /Users/raghavchanana/Desktop/project/backend/src/main/java/com/mockinterview/resume/controller/ResumeController.java
[INFO] 	Stale source detected: /Users/raghavchanana/Desktop/project/backend/src/main/java/com/mockinterview/notification/controller/NotificationController.java
[INFO] 	Stale source detected: /Users/raghavchanana/Desktop/project/backend/src/main/java/com/mockinterview/dashboard/dto/SessionHistoryDto.java
[INFO] 	Stale source detected: /Users/raghavchanana/Desktop/project/backend/src/main/java/com/mockinterview/admin/service/AdminService.java
[INFO] 	Stale source detected: /Users/raghavchanana/Desktop/project/backend/src/main/java/com/mockinterview/websocket/dto/WSAnswerMessage.java
[INFO] 	Stale source detected: /Users/raghavchanana/Desktop/project/backend/src/main/java/com/mockinterview/dashboard/dto/DashboardStatsDto.java
[INFO] 	Stale source detected: /Users/raghavchanana/Desktop/project/backend/src/main/java/com/mockinterview/user/model/Role.java
[INFO] 	Stale source detected: /Users/raghavchanana/Desktop/project/backend/src/main/java/com/mockinterview/interview/dto/SessionSummaryResponse.java
[INFO] 	Stale source detected: /Users/raghavchanana/Desktop/project/backend/src/main/java/com/mockinterview/interview/model/InterviewSession.java
[INFO] 	Stale source detected: /Users/raghavchanana/Desktop/project/backend/src/main/java/com/mockinterview/config/WebConfig.java
[INFO] 	Stale source detected: /Users/raghavchanana/Desktop/project/backend/src/main/java/com/mockinterview/resume/model/Resume.java
[INFO] 	Stale source detected: /Users/raghavchanana/Desktop/project/backend/src/main/java/com/mockinterview/auth/dto/AuthResponse.java
[INFO] 	Stale source detected: /Users/raghavchanana/Desktop/project/backend/src/main/java/com/mockinterview/dashboard/service/DashboardService.java
[INFO] 	Stale source detected: /Users/raghavchanana/Desktop/project/backend/src/main/java/com/mockinterview/interview/repository/SessionScoreRepository.java
[INFO] 	Stale source detected: /Users/raghavchanana/Desktop/project/backend/src/main/java/com/mockinterview/interview/repository/QuestionRepository.java
[INFO] 	Stale source detected: /Users/raghavchanana/Desktop/project/backend/src/main/java/com/mockinterview/interview/controller/InterviewController.java
[INFO] 	Stale source detected: /Users/raghavchanana/Desktop/project/backend/src/main/java/com/mockinterview/auth/dto/LoginRequest.java
[INFO] 	Stale source detected: /Users/raghavchanana/Desktop/project/backend/src/main/java/com/mockinterview/user/repository/UserRepository.java
[INFO] 	Stale source detected: /Users/raghavchanana/Desktop/project/backend/src/main/java/com/mockinterview/user/dto/UserProfileResponse.java
[INFO] 	Stale source detected: /Users/raghavchanana/Desktop/project/backend/src/main/java/com/mockinterview/user/model/User.java
[INFO] 	Stale source detected: /Users/raghavchanana/Desktop/project/backend/src/main/java/com/mockinterview/BackendApplication.java
[INFO] 	Stale source detected: /Users/raghavchanana/Desktop/project/backend/src/main/java/com/mockinterview/interview/repository/AnswerRepository.java
[INFO] 	Stale source detected: /Users/raghavchanana/Desktop/project/backend/src/main/java/com/mockinterview/config/DataSeeder.java
[INFO] 	Stale source detected: /Users/raghavchanana/Desktop/project/backend/src/main/java/com/mockinterview/user/controller/UserController.java
[INFO] 	Stale source detected: /Users/raghavchanana/Desktop/project/backend/src/main/java/com/mockinterview/interview/model/SessionStatus.java
[INFO] 	Stale source detected: /Users/raghavchanana/Desktop/project/backend/src/main/java/com/mockinterview/interview/model/Question.java
[INFO] 	Stale source detected: /Users/raghavchanana/Desktop/project/backend/src/main/java/com/mockinterview/jobrole/controller/JobRoleController.java
[INFO] 	Stale source detected: /Users/raghavchanana/Desktop/project/backend/src/main/java/com/mockinterview/interview/dto/LeaderboardResponse.java
[INFO] 	Stale source detected: /Users/raghavchanana/Desktop/project/backend/src/main/java/com/mockinterview/ai/service/GeminiService.java
[INFO] 	Stale source detected: /Users/raghavchanana/Desktop/project/backend/src/main/java/com/mockinterview/user/service/UserService.java
[INFO] 	Stale source detected: /Users/raghavchanana/Desktop/project/backend/src/main/java/com/mockinterview/notification/service/NotificationService.java
[INFO] 	Stale source detected: /Users/raghavchanana/Desktop/project/backend/src/main/java/com/mockinterview/resume/service/ResumeService.java
[INFO] 	Stale source detected: /Users/raghavchanana/Desktop/project/backend/src/main/java/com/mockinterview/admin/dto/AdminStatsDto.java
[INFO] 	Stale source detected: /Users/raghavchanana/Desktop/project/backend/src/main/java/com/mockinterview/jobrole/service/JobRoleService.java
[INFO] 	Stale source detected: /Users/raghavchanana/Desktop/project/backend/src/main/java/com/mockinterview/interview/model/SessionScore.java
[INFO] 	Stale source detected: /Users/raghavchanana/Desktop/project/backend/src/main/java/com/mockinterview/notification/model/Notification.java
[INFO] 	Stale source detected: /Users/raghavchanana/Desktop/project/backend/src/main/java/com/mockinterview/auth/controller/AuthController.java
[INFO] 	Stale source detected: /Users/raghavchanana/Desktop/project/backend/src/main/java/com/mockinterview/jobrole/dto/JobRoleResponse.java
[INFO] 	Stale source detected: /Users/raghavchanana/Desktop/project/backend/src/main/java/com/mockinterview/interview/model/Answer.java
[INFO] 	Stale source detected: /Users/raghavchanana/Desktop/project/backend/src/main/java/com/mockinterview/websocket/dto/WSQuestionMessage.java
[INFO] 	Stale source detected: /Users/raghavchanana/Desktop/project/backend/src/main/java/com/mockinterview/resume/repository/ResumeRepository.java
[INFO] 	Stale source detected: /Users/raghavchanana/Desktop/project/backend/src/main/java/com/mockinterview/jobrole/dto/JobRoleRequest.java
[INFO] 	Stale source detected: /Users/raghavchanana/Desktop/project/backend/src/main/java/com/mockinterview/notification/dto/NotificationDto.java
[INFO] 	Stale source detected: /Users/raghavchanana/Desktop/project/backend/src/main/java/com/mockinterview/resume/dto/ResumeResponse.java
[INFO] 	Stale source detected: /Users/raghavchanana/Desktop/project/backend/src/main/java/com/mockinterview/dashboard/dto/SessionReportDto.java
[INFO] 	Stale source detected: /Users/raghavchanana/Desktop/project/backend/src/main/java/com/mockinterview/websocket/controller/InterviewWebSocketController.java
[INFO] 	Stale source detected: /Users/raghavchanana/Desktop/project/backend/src/main/java/com/mockinterview/exception/ApiError.java
[INFO] 	Stale source detected: /Users/raghavchanana/Desktop/project/backend/src/main/java/com/mockinterview/config/SecurityConfig.java
[INFO] 	Stale source detected: /Users/raghavchanana/Desktop/project/backend/src/main/java/com/mockinterview/auth/JwtAuthenticationFilter.java
[INFO] 	Stale source detected: /Users/raghavchanana/Desktop/project/backend/src/main/java/com/mockinterview/interview/model/QuestionCategory.java
[INFO] 	Stale source detected: /Users/raghavchanana/Desktop/project/backend/src/main/java/com/mockinterview/auth/service/AuthService.java
[INFO] 	Stale source detected: /Users/raghavchanana/Desktop/project/backend/src/main/java/com/mockinterview/interview/dto/SessionResponse.java
[INFO] 	Input tree files (+): /Users/raghavchanana/Desktop/project/backend/src/main/java/com/mockinterview/BackendApplication.java
[INFO] 	Input tree files (+): /Users/raghavchanana/Desktop/project/backend/src/main/java/com/mockinterview/admin/controller/AdminController.java
[INFO] 	Input tree files (+): /Users/raghavchanana/Desktop/project/backend/src/main/java/com/mockinterview/admin/dto/AdminStatsDto.java
[INFO] 	Input tree files (+): /Users/raghavchanana/Desktop/project/backend/src/main/java/com/mockinterview/admin/service/AdminService.java
[INFO] 	Input tree files (+): /Users/raghavchanana/Desktop/project/backend/src/main/java/com/mockinterview/ai/service/GeminiService.java
[INFO] 	Input tree files (+): /Users/raghavchanana/Desktop/project/backend/src/main/java/com/mockinterview/auth/JwtAuthenticationFilter.java
[INFO] 	Input tree files (+): /Users/raghavchanana/Desktop/project/backend/src/main/java/com/mockinterview/auth/JwtService.java
[INFO] 	Input tree files (+): /Users/raghavchanana/Desktop/project/backend/src/main/java/com/mockinterview/auth/controller/AuthController.java
[INFO] 	Input tree files (+): /Users/raghavchanana/Desktop/project/backend/src/main/java/com/mockinterview/auth/dto/AuthResponse.java
[INFO] 	Input tree files (+): /Users/raghavchanana/Desktop/project/backend/src/main/java/com/mockinterview/auth/dto/LoginRequest.java
[INFO] 	Input tree files (+): /Users/raghavchanana/Desktop/project/backend/src/main/java/com/mockinterview/auth/dto/RegisterRequest.java
[INFO] 	Input tree files (+): /Users/raghavchanana/Desktop/project/backend/src/main/java/com/mockinterview/auth/service/AuthService.java
[INFO] 	Input tree files (+): /Users/raghavchanana/Desktop/project/backend/src/main/java/com/mockinterview/config/ApplicationConfig.java
[INFO] 	Input tree files (+): /Users/raghavchanana/Desktop/project/backend/src/main/java/com/mockinterview/config/DataSeeder.java
[INFO] 	Input tree files (+): /Users/raghavchanana/Desktop/project/backend/src/main/java/com/mockinterview/config/SecurityConfig.java
[INFO] 	Input tree files (+): /Users/raghavchanana/Desktop/project/backend/src/main/java/com/mockinterview/config/WebConfig.java
[INFO] 	Input tree files (+): /Users/raghavchanana/Desktop/project/backend/src/main/java/com/mockinterview/config/WebSocketConfig.java
[INFO] 	Input tree files (+): /Users/raghavchanana/Desktop/project/backend/src/main/java/com/mockinterview/dashboard/controller/DashboardController.java
[INFO] 	Input tree files (+): /Users/raghavchanana/Desktop/project/backend/src/main/java/com/mockinterview/dashboard/dto/DashboardStatsDto.java
[INFO] 	Input tree files (+): /Users/raghavchanana/Desktop/project/backend/src/main/java/com/mockinterview/dashboard/dto/SessionHistoryDto.java
[INFO] 	Input tree files (+): /Users/raghavchanana/Desktop/project/backend/src/main/java/com/mockinterview/dashboard/dto/SessionReportDto.java
[INFO] 	Input tree files (+): /Users/raghavchanana/Desktop/project/backend/src/main/java/com/mockinterview/dashboard/service/DashboardService.java
[INFO] 	Input tree files (+): /Users/raghavchanana/Desktop/project/backend/src/main/java/com/mockinterview/exception/ApiError.java
[INFO] 	Input tree files (+): /Users/raghavchanana/Desktop/project/backend/src/main/java/com/mockinterview/exception/GlobalExceptionHandler.java
[INFO] 	Input tree files (+): /Users/raghavchanana/Desktop/project/backend/src/main/java/com/mockinterview/exception/ResourceNotFoundException.java
[INFO] 	Input tree files (+): /Users/raghavchanana/Desktop/project/backend/src/main/java/com/mockinterview/interview/controller/InterviewController.java
[INFO] 	Input tree files (+): /Users/raghavchanana/Desktop/project/backend/src/main/java/com/mockinterview/interview/dto/AnswerFeedbackResponse.java
[INFO] 	Input tree files (+): /Users/raghavchanana/Desktop/project/backend/src/main/java/com/mockinterview/interview/dto/AnswerRequest.java
[INFO] 	Input tree files (+): /Users/raghavchanana/Desktop/project/backend/src/main/java/com/mockinterview/interview/dto/LeaderboardResponse.java
[INFO] 	Input tree files (+): /Users/raghavchanana/Desktop/project/backend/src/main/java/com/mockinterview/interview/dto/QuestionResponse.java
[INFO] 	Input tree files (+): /Users/raghavchanana/Desktop/project/backend/src/main/java/com/mockinterview/interview/dto/SessionResponse.java
[INFO] 	Input tree files (+): /Users/raghavchanana/Desktop/project/backend/src/main/java/com/mockinterview/interview/dto/SessionSummaryResponse.java
[INFO] 	Input tree files (+): /Users/raghavchanana/Desktop/project/backend/src/main/java/com/mockinterview/interview/dto/StartSessionRequest.java
[INFO] 	Input tree files (+): /Users/raghavchanana/Desktop/project/backend/src/main/java/com/mockinterview/interview/model/Answer.java
[INFO] 	Input tree files (+): /Users/raghavchanana/Desktop/project/backend/src/main/java/com/mockinterview/interview/model/Difficulty.java
[INFO] 	Input tree files (+): /Users/raghavchanana/Desktop/project/backend/src/main/java/com/mockinterview/interview/model/InterviewSession.java
[INFO] 	Input tree files (+): /Users/raghavchanana/Desktop/project/backend/src/main/java/com/mockinterview/interview/model/InterviewType.java
[INFO] 	Input tree files (+): /Users/raghavchanana/Desktop/project/backend/src/main/java/com/mockinterview/interview/model/Question.java
[INFO] 	Input tree files (+): /Users/raghavchanana/Desktop/project/backend/src/main/java/com/mockinterview/interview/model/QuestionCategory.java
[INFO] 	Input tree files (+): /Users/raghavchanana/Desktop/project/backend/src/main/java/com/mockinterview/interview/model/SessionScore.java
[INFO] 	Input tree files (+): /Users/raghavchanana/Desktop/project/backend/src/main/java/com/mockinterview/interview/model/SessionStatus.java
[INFO] 	Input tree files (+): /Users/raghavchanana/Desktop/project/backend/src/main/java/com/mockinterview/interview/repository/AnswerRepository.java
[INFO] 	Input tree files (+): /Users/raghavchanana/Desktop/project/backend/src/main/java/com/mockinterview/interview/repository/InterviewSessionRepository.java
[INFO] 	Input tree files (+): /Users/raghavchanana/Desktop/project/backend/src/main/java/com/mockinterview/interview/repository/QuestionRepository.java
[INFO] 	Input tree files (+): /Users/raghavchanana/Desktop/project/backend/src/main/java/com/mockinterview/interview/repository/SessionScoreRepository.java
[INFO] 	Input tree files (+): /Users/raghavchanana/Desktop/project/backend/src/main/java/com/mockinterview/interview/service/InterviewService.java
[INFO] 	Input tree files (+): /Users/raghavchanana/Desktop/project/backend/src/main/java/com/mockinterview/jobrole/controller/JobRoleController.java
[INFO] 	Input tree files (+): /Users/raghavchanana/Desktop/project/backend/src/main/java/com/mockinterview/jobrole/dto/JobRoleRequest.java
[INFO] 	Input tree files (+): /Users/raghavchanana/Desktop/project/backend/src/main/java/com/mockinterview/jobrole/dto/JobRoleResponse.java
[INFO] 	Input tree files (+): /Users/raghavchanana/Desktop/project/backend/src/main/java/com/mockinterview/jobrole/model/JobRole.java
[INFO] 	Input tree files (+): /Users/raghavchanana/Desktop/project/backend/src/main/java/com/mockinterview/jobrole/repository/JobRoleRepository.java
[INFO] 	Input tree files (+): /Users/raghavchanana/Desktop/project/backend/src/main/java/com/mockinterview/jobrole/service/JobRoleService.java
[INFO] 	Input tree files (+): /Users/raghavchanana/Desktop/project/backend/src/main/java/com/mockinterview/notification/controller/NotificationController.java
[INFO] 	Input tree files (+): /Users/raghavchanana/Desktop/project/backend/src/main/java/com/mockinterview/notification/dto/NotificationDto.java
[INFO] 	Input tree files (+): /Users/raghavchanana/Desktop/project/backend/src/main/java/com/mockinterview/notification/model/Notification.java
[INFO] 	Input tree files (+): /Users/raghavchanana/Desktop/project/backend/src/main/java/com/mockinterview/notification/model/NotificationType.java
[INFO] 	Input tree files (+): /Users/raghavchanana/Desktop/project/backend/src/main/java/com/mockinterview/notification/repository/NotificationRepository.java
[INFO] 	Input tree files (+): /Users/raghavchanana/Desktop/project/backend/src/main/java/com/mockinterview/notification/service/NotificationService.java
[INFO] 	Input tree files (+): /Users/raghavchanana/Desktop/project/backend/src/main/java/com/mockinterview/resume/controller/ResumeController.java
[INFO] 	Input tree files (+): /Users/raghavchanana/Desktop/project/backend/src/main/java/com/mockinterview/resume/dto/ResumeResponse.java
[INFO] 	Input tree files (+): /Users/raghavchanana/Desktop/project/backend/src/main/java/com/mockinterview/resume/model/Resume.java
[INFO] 	Input tree files (+): /Users/raghavchanana/Desktop/project/backend/src/main/java/com/mockinterview/resume/repository/ResumeRepository.java
[INFO] 	Input tree files (+): /Users/raghavchanana/Desktop/project/backend/src/main/java/com/mockinterview/resume/service/ResumeService.java
[INFO] 	Input tree files (+): /Users/raghavchanana/Desktop/project/backend/src/main/java/com/mockinterview/user/controller/UserController.java
[INFO] 	Input tree files (+): /Users/raghavchanana/Desktop/project/backend/src/main/java/com/mockinterview/user/dto/UpdateProfileRequest.java
[INFO] 	Input tree files (+): /Users/raghavchanana/Desktop/project/backend/src/main/java/com/mockinterview/user/dto/UserProfileResponse.java
[INFO] 	Input tree files (+): /Users/raghavchanana/Desktop/project/backend/src/main/java/com/mockinterview/user/model/Role.java
[INFO] 	Input tree files (+): /Users/raghavchanana/Desktop/project/backend/src/main/java/com/mockinterview/user/model/User.java
[INFO] 	Input tree files (+): /Users/raghavchanana/Desktop/project/backend/src/main/java/com/mockinterview/user/repository/UserRepository.java
[INFO] 	Input tree files (+): /Users/raghavchanana/Desktop/project/backend/src/main/java/com/mockinterview/user/service/UserService.java
[INFO] 	Input tree files (+): /Users/raghavchanana/Desktop/project/backend/src/main/java/com/mockinterview/websocket/controller/InterviewWebSocketController.java
[INFO] 	Input tree files (+): /Users/raghavchanana/Desktop/project/backend/src/main/java/com/mockinterview/websocket/dto/WSAnswerMessage.java
[INFO] 	Input tree files (+): /Users/raghavchanana/Desktop/project/backend/src/main/java/com/mockinterview/websocket/dto/WSQuestionMessage.java
[INFO] Recompiling the module because of changed source code.
[DEBUG] Classpath:
[DEBUG]  /Users/raghavchanana/Desktop/project/backend/target/classes
[DEBUG]  /Users/raghavchanana/.m2/repository/org/springframework/boot/spring-boot-starter-web/3.2.3/spring-boot-starter-web-3.2.3.jar
[DEBUG]  /Users/raghavchanana/.m2/repository/org/springframework/boot/spring-boot-starter/3.2.3/spring-boot-starter-3.2.3.jar
[DEBUG]  /Users/raghavchanana/.m2/repository/org/springframework/boot/spring-boot/3.2.3/spring-boot-3.2.3.jar
[DEBUG]  /Users/raghavchanana/.m2/repository/org/springframework/boot/spring-boot-autoconfigure/3.2.3/spring-boot-autoconfigure-3.2.3.jar
[DEBUG]  /Users/raghavchanana/.m2/repository/org/springframework/boot/spring-boot-starter-logging/3.2.3/spring-boot-starter-logging-3.2.3.jar
[DEBUG]  /Users/raghavchanana/.m2/repository/ch/qos/logback/logback-classic/1.4.14/logback-classic-1.4.14.jar
[DEBUG]  /Users/raghavchanana/.m2/repository/ch/qos/logback/logback-core/1.4.14/logback-core-1.4.14.jar
[DEBUG]  /Users/raghavchanana/.m2/repository/org/apache/logging/log4j/log4j-to-slf4j/2.21.1/log4j-to-slf4j-2.21.1.jar
[DEBUG]  /Users/raghavchanana/.m2/repository/org/apache/logging/log4j/log4j-api/2.21.1/log4j-api-2.21.1.jar
[DEBUG]  /Users/raghavchanana/.m2/repository/org/slf4j/jul-to-slf4j/2.0.12/jul-to-slf4j-2.0.12.jar
[DEBUG]  /Users/raghavchanana/.m2/repository/jakarta/annotation/jakarta.annotation-api/2.1.1/jakarta.annotation-api-2.1.1.jar
[DEBUG]  /Users/raghavchanana/.m2/repository/org/yaml/snakeyaml/2.2/snakeyaml-2.2.jar
[DEBUG]  /Users/raghavchanana/.m2/repository/org/springframework/boot/spring-boot-starter-json/3.2.3/spring-boot-starter-json-3.2.3.jar
[DEBUG]  /Users/raghavchanana/.m2/repository/com/fasterxml/jackson/datatype/jackson-datatype-jdk8/2.15.4/jackson-datatype-jdk8-2.15.4.jar
[DEBUG]  /Users/raghavchanana/.m2/repository/com/fasterxml/jackson/datatype/jackson-datatype-jsr310/2.15.4/jackson-datatype-jsr310-2.15.4.jar
[DEBUG]  /Users/raghavchanana/.m2/repository/com/fasterxml/jackson/module/jackson-module-parameter-names/2.15.4/jackson-module-parameter-names-2.15.4.jar
[DEBUG]  /Users/raghavchanana/.m2/repository/org/springframework/boot/spring-boot-starter-tomcat/3.2.3/spring-boot-starter-tomcat-3.2.3.jar
[DEBUG]  /Users/raghavchanana/.m2/repository/org/apache/tomcat/embed/tomcat-embed-core/10.1.19/tomcat-embed-core-10.1.19.jar
[DEBUG]  /Users/raghavchanana/.m2/repository/org/apache/tomcat/embed/tomcat-embed-websocket/10.1.19/tomcat-embed-websocket-10.1.19.jar
[DEBUG]  /Users/raghavchanana/.m2/repository/org/springframework/spring-web/6.1.4/spring-web-6.1.4.jar
[DEBUG]  /Users/raghavchanana/.m2/repository/org/springframework/spring-beans/6.1.4/spring-beans-6.1.4.jar
[DEBUG]  /Users/raghavchanana/.m2/repository/io/micrometer/micrometer-observation/1.12.3/micrometer-observation-1.12.3.jar
[DEBUG]  /Users/raghavchanana/.m2/repository/io/micrometer/micrometer-commons/1.12.3/micrometer-commons-1.12.3.jar
[DEBUG]  /Users/raghavchanana/.m2/repository/org/springframework/spring-webmvc/6.1.4/spring-webmvc-6.1.4.jar
[DEBUG]  /Users/raghavchanana/.m2/repository/org/springframework/spring-context/6.1.4/spring-context-6.1.4.jar
[DEBUG]  /Users/raghavchanana/.m2/repository/org/springframework/spring-expression/6.1.4/spring-expression-6.1.4.jar
[DEBUG]  /Users/raghavchanana/.m2/repository/org/springframework/boot/spring-boot-starter-data-jpa/3.2.3/spring-boot-starter-data-jpa-3.2.3.jar
[DEBUG]  /Users/raghavchanana/.m2/repository/org/springframework/boot/spring-boot-starter-aop/3.2.3/spring-boot-starter-aop-3.2.3.jar
[DEBUG]  /Users/raghavchanana/.m2/repository/org/aspectj/aspectjweaver/1.9.21/aspectjweaver-1.9.21.jar
[DEBUG]  /Users/raghavchanana/.m2/repository/org/springframework/boot/spring-boot-starter-jdbc/3.2.3/spring-boot-starter-jdbc-3.2.3.jar
[DEBUG]  /Users/raghavchanana/.m2/repository/com/zaxxer/HikariCP/5.0.1/HikariCP-5.0.1.jar
[DEBUG]  /Users/raghavchanana/.m2/repository/org/springframework/spring-jdbc/6.1.4/spring-jdbc-6.1.4.jar
[DEBUG]  /Users/raghavchanana/.m2/repository/org/hibernate/orm/hibernate-core/6.4.4.Final/hibernate-core-6.4.4.Final.jar
[DEBUG]  /Users/raghavchanana/.m2/repository/jakarta/persistence/jakarta.persistence-api/3.1.0/jakarta.persistence-api-3.1.0.jar
[DEBUG]  /Users/raghavchanana/.m2/repository/jakarta/transaction/jakarta.transaction-api/2.0.1/jakarta.transaction-api-2.0.1.jar
[DEBUG]  /Users/raghavchanana/.m2/repository/org/jboss/logging/jboss-logging/3.5.3.Final/jboss-logging-3.5.3.Final.jar
[DEBUG]  /Users/raghavchanana/.m2/repository/com/fasterxml/classmate/1.6.0/classmate-1.6.0.jar
[DEBUG]  /Users/raghavchanana/.m2/repository/org/antlr/antlr4-runtime/4.13.0/antlr4-runtime-4.13.0.jar
[DEBUG]  /Users/raghavchanana/.m2/repository/org/springframework/data/spring-data-jpa/3.2.3/spring-data-jpa-3.2.3.jar
[DEBUG]  /Users/raghavchanana/.m2/repository/org/springframework/data/spring-data-commons/3.2.3/spring-data-commons-3.2.3.jar
[DEBUG]  /Users/raghavchanana/.m2/repository/org/springframework/spring-orm/6.1.4/spring-orm-6.1.4.jar
[DEBUG]  /Users/raghavchanana/.m2/repository/org/springframework/spring-tx/6.1.4/spring-tx-6.1.4.jar
[DEBUG]  /Users/raghavchanana/.m2/repository/org/slf4j/slf4j-api/2.0.12/slf4j-api-2.0.12.jar
[DEBUG]  /Users/raghavchanana/.m2/repository/org/springframework/spring-aspects/6.1.4/spring-aspects-6.1.4.jar
[DEBUG]  /Users/raghavchanana/.m2/repository/org/springframework/boot/spring-boot-starter-security/3.2.3/spring-boot-starter-security-3.2.3.jar
[DEBUG]  /Users/raghavchanana/.m2/repository/org/springframework/spring-aop/6.1.4/spring-aop-6.1.4.jar
[DEBUG]  /Users/raghavchanana/.m2/repository/org/springframework/security/spring-security-config/6.2.2/spring-security-config-6.2.2.jar
[DEBUG]  /Users/raghavchanana/.m2/repository/org/springframework/security/spring-security-web/6.2.2/spring-security-web-6.2.2.jar
[DEBUG]  /Users/raghavchanana/.m2/repository/org/springframework/boot/spring-boot-starter-websocket/3.2.3/spring-boot-starter-websocket-3.2.3.jar
[DEBUG]  /Users/raghavchanana/.m2/repository/org/springframework/spring-messaging/6.1.4/spring-messaging-6.1.4.jar
[DEBUG]  /Users/raghavchanana/.m2/repository/org/springframework/spring-websocket/6.1.4/spring-websocket-6.1.4.jar
[DEBUG]  /Users/raghavchanana/.m2/repository/org/springframework/boot/spring-boot-starter-validation/3.2.3/spring-boot-starter-validation-3.2.3.jar
[DEBUG]  /Users/raghavchanana/.m2/repository/org/apache/tomcat/embed/tomcat-embed-el/10.1.19/tomcat-embed-el-10.1.19.jar
[DEBUG]  /Users/raghavchanana/.m2/repository/org/hibernate/validator/hibernate-validator/8.0.1.Final/hibernate-validator-8.0.1.Final.jar
[DEBUG]  /Users/raghavchanana/.m2/repository/jakarta/validation/jakarta.validation-api/3.0.2/jakarta.validation-api-3.0.2.jar
[DEBUG]  /Users/raghavchanana/.m2/repository/io/jsonwebtoken/jjwt-api/0.11.5/jjwt-api-0.11.5.jar
[DEBUG]  /Users/raghavchanana/.m2/repository/com/fasterxml/jackson/core/jackson-databind/2.15.4/jackson-databind-2.15.4.jar
[DEBUG]  /Users/raghavchanana/.m2/repository/com/fasterxml/jackson/core/jackson-annotations/2.15.4/jackson-annotations-2.15.4.jar
[DEBUG]  /Users/raghavchanana/.m2/repository/com/fasterxml/jackson/core/jackson-core/2.15.4/jackson-core-2.15.4.jar
[DEBUG]  /Users/raghavchanana/.m2/repository/org/apache/pdfbox/pdfbox/3.0.1/pdfbox-3.0.1.jar
[DEBUG]  /Users/raghavchanana/.m2/repository/org/apache/pdfbox/pdfbox-io/3.0.1/pdfbox-io-3.0.1.jar
[DEBUG]  /Users/raghavchanana/.m2/repository/org/apache/pdfbox/fontbox/3.0.1/fontbox-3.0.1.jar
[DEBUG]  /Users/raghavchanana/.m2/repository/commons-logging/commons-logging/1.2/commons-logging-1.2.jar
[DEBUG]  /Users/raghavchanana/.m2/repository/org/junit/jupiter/junit-jupiter/5.10.2/junit-jupiter-5.10.2.jar
[DEBUG]  /Users/raghavchanana/.m2/repository/org/junit/jupiter/junit-jupiter-api/5.10.2/junit-jupiter-api-5.10.2.jar
[DEBUG]  /Users/raghavchanana/.m2/repository/org/opentest4j/opentest4j/1.3.0/opentest4j-1.3.0.jar
[DEBUG]  /Users/raghavchanana/.m2/repository/org/junit/platform/junit-platform-commons/1.10.2/junit-platform-commons-1.10.2.jar
[DEBUG]  /Users/raghavchanana/.m2/repository/org/apiguardian/apiguardian-api/1.1.2/apiguardian-api-1.1.2.jar
[DEBUG]  /Users/raghavchanana/.m2/repository/org/junit/jupiter/junit-jupiter-params/5.10.2/junit-jupiter-params-5.10.2.jar
[DEBUG]  /Users/raghavchanana/.m2/repository/com/itextpdf/itextpdf/5.5.13.3/itextpdf-5.5.13.3.jar
[DEBUG]  /Users/raghavchanana/.m2/repository/org/projectlombok/lombok/1.18.34/lombok-1.18.34.jar
[DEBUG]  /Users/raghavchanana/.m2/repository/commons-io/commons-io/2.15.1/commons-io-2.15.1.jar
[DEBUG]  /Users/raghavchanana/.m2/repository/org/springframework/spring-core/6.1.4/spring-core-6.1.4.jar
[DEBUG]  /Users/raghavchanana/.m2/repository/org/springframework/spring-jcl/6.1.4/spring-jcl-6.1.4.jar
[DEBUG]  /Users/raghavchanana/.m2/repository/org/springframework/security/spring-security-core/6.2.2/spring-security-core-6.2.2.jar
[DEBUG]  /Users/raghavchanana/.m2/repository/org/springframework/security/spring-security-crypto/6.2.2/spring-security-crypto-6.2.2.jar
[DEBUG] Source roots:
[DEBUG]  /Users/raghavchanana/Desktop/project/backend/src/main/java
[DEBUG]  /Users/raghavchanana/Desktop/project/backend/target/generated-sources/annotations
[DEBUG] Command line options:
[DEBUG] -d /Users/raghavchanana/Desktop/project/backend/target/classes -classpath /Users/raghavchanana/Desktop/project/backend/target/classes:/Users/raghavchanana/.m2/repository/org/springframework/boot/spring-boot-starter-web/3.2.3/spring-boot-starter-web-3.2.3.jar:/Users/raghavchanana/.m2/repository/org/springframework/boot/spring-boot-starter/3.2.3/spring-boot-starter-3.2.3.jar:/Users/raghavchanana/.m2/repository/org/springframework/boot/spring-boot/3.2.3/spring-boot-3.2.3.jar:/Users/raghavchanana/.m2/repository/org/springframework/boot/spring-boot-autoconfigure/3.2.3/spring-boot-autoconfigure-3.2.3.jar:/Users/raghavchanana/.m2/repository/org/springframework/boot/spring-boot-starter-logging/3.2.3/spring-boot-starter-logging-3.2.3.jar:/Users/raghavchanana/.m2/repository/ch/qos/logback/logback-classic/1.4.14/logback-classic-1.4.14.jar:/Users/raghavchanana/.m2/repository/ch/qos/logback/logback-core/1.4.14/logback-core-1.4.14.jar:/Users/raghavchanana/.m2/repository/org/apache/logging/log4j/log4j-to-slf4j/2.21.1/log4j-to-slf4j-2.21.1.jar:/Users/raghavchanana/.m2/repository/org/apache/logging/log4j/log4j-api/2.21.1/log4j-api-2.21.1.jar:/Users/raghavchanana/.m2/repository/org/slf4j/jul-to-slf4j/2.0.12/jul-to-slf4j-2.0.12.jar:/Users/raghavchanana/.m2/repository/jakarta/annotation/jakarta.annotation-api/2.1.1/jakarta.annotation-api-2.1.1.jar:/Users/raghavchanana/.m2/repository/org/yaml/snakeyaml/2.2/snakeyaml-2.2.jar:/Users/raghavchanana/.m2/repository/org/springframework/boot/spring-boot-starter-json/3.2.3/spring-boot-starter-json-3.2.3.jar:/Users/raghavchanana/.m2/repository/com/fasterxml/jackson/datatype/jackson-datatype-jdk8/2.15.4/jackson-datatype-jdk8-2.15.4.jar:/Users/raghavchanana/.m2/repository/com/fasterxml/jackson/datatype/jackson-datatype-jsr310/2.15.4/jackson-datatype-jsr310-2.15.4.jar:/Users/raghavchanana/.m2/repository/com/fasterxml/jackson/module/jackson-module-parameter-names/2.15.4/jackson-module-parameter-names-2.15.4.jar:/Users/raghavchanana/.m2/repository/org/springframework/boot/spring-boot-starter-tomcat/3.2.3/spring-boot-starter-tomcat-3.2.3.jar:/Users/raghavchanana/.m2/repository/org/apache/tomcat/embed/tomcat-embed-core/10.1.19/tomcat-embed-core-10.1.19.jar:/Users/raghavchanana/.m2/repository/org/apache/tomcat/embed/tomcat-embed-websocket/10.1.19/tomcat-embed-websocket-10.1.19.jar:/Users/raghavchanana/.m2/repository/org/springframework/spring-web/6.1.4/spring-web-6.1.4.jar:/Users/raghavchanana/.m2/repository/org/springframework/spring-beans/6.1.4/spring-beans-6.1.4.jar:/Users/raghavchanana/.m2/repository/io/micrometer/micrometer-observation/1.12.3/micrometer-observation-1.12.3.jar:/Users/raghavchanana/.m2/repository/io/micrometer/micrometer-commons/1.12.3/micrometer-commons-1.12.3.jar:/Users/raghavchanana/.m2/repository/org/springframework/spring-webmvc/6.1.4/spring-webmvc-6.1.4.jar:/Users/raghavchanana/.m2/repository/org/springframework/spring-context/6.1.4/spring-context-6.1.4.jar:/Users/raghavchanana/.m2/repository/org/springframework/spring-expression/6.1.4/spring-expression-6.1.4.jar:/Users/raghavchanana/.m2/repository/org/springframework/boot/spring-boot-starter-data-jpa/3.2.3/spring-boot-starter-data-jpa-3.2.3.jar:/Users/raghavchanana/.m2/repository/org/springframework/boot/spring-boot-starter-aop/3.2.3/spring-boot-starter-aop-3.2.3.jar:/Users/raghavchanana/.m2/repository/org/aspectj/aspectjweaver/1.9.21/aspectjweaver-1.9.21.jar:/Users/raghavchanana/.m2/repository/org/springframework/boot/spring-boot-starter-jdbc/3.2.3/spring-boot-starter-jdbc-3.2.3.jar:/Users/raghavchanana/.m2/repository/com/zaxxer/HikariCP/5.0.1/HikariCP-5.0.1.jar:/Users/raghavchanana/.m2/repository/org/springframework/spring-jdbc/6.1.4/spring-jdbc-6.1.4.jar:/Users/raghavchanana/.m2/repository/org/hibernate/orm/hibernate-core/6.4.4.Final/hibernate-core-6.4.4.Final.jar:/Users/raghavchanana/.m2/repository/jakarta/persistence/jakarta.persistence-api/3.1.0/jakarta.persistence-api-3.1.0.jar:/Users/raghavchanana/.m2/repository/jakarta/transaction/jakarta.transaction-api/2.0.1/jakarta.transaction-api-2.0.1.jar:/Users/raghavchanana/.m2/repository/org/jboss/logging/jboss-logging/3.5.3.Final/jboss-logging-3.5.3.Final.jar:/Users/raghavchanana/.m2/repository/com/fasterxml/classmate/1.6.0/classmate-1.6.0.jar:/Users/raghavchanana/.m2/repository/org/antlr/antlr4-runtime/4.13.0/antlr4-runtime-4.13.0.jar:/Users/raghavchanana/.m2/repository/org/springframework/data/spring-data-jpa/3.2.3/spring-data-jpa-3.2.3.jar:/Users/raghavchanana/.m2/repository/org/springframework/data/spring-data-commons/3.2.3/spring-data-commons-3.2.3.jar:/Users/raghavchanana/.m2/repository/org/springframework/spring-orm/6.1.4/spring-orm-6.1.4.jar:/Users/raghavchanana/.m2/repository/org/springframework/spring-tx/6.1.4/spring-tx-6.1.4.jar:/Users/raghavchanana/.m2/repository/org/slf4j/slf4j-api/2.0.12/slf4j-api-2.0.12.jar:/Users/raghavchanana/.m2/repository/org/springframework/spring-aspects/6.1.4/spring-aspects-6.1.4.jar:/Users/raghavchanana/.m2/repository/org/springframework/boot/spring-boot-starter-security/3.2.3/spring-boot-starter-security-3.2.3.jar:/Users/raghavchanana/.m2/repository/org/springframework/spring-aop/6.1.4/spring-aop-6.1.4.jar:/Users/raghavchanana/.m2/repository/org/springframework/security/spring-security-config/6.2.2/spring-security-config-6.2.2.jar:/Users/raghavchanana/.m2/repository/org/springframework/security/spring-security-web/6.2.2/spring-security-web-6.2.2.jar:/Users/raghavchanana/.m2/repository/org/springframework/boot/spring-boot-starter-websocket/3.2.3/spring-boot-starter-websocket-3.2.3.jar:/Users/raghavchanana/.m2/repository/org/springframework/spring-messaging/6.1.4/spring-messaging-6.1.4.jar:/Users/raghavchanana/.m2/repository/org/springframework/spring-websocket/6.1.4/spring-websocket-6.1.4.jar:/Users/raghavchanana/.m2/repository/org/springframework/boot/spring-boot-starter-validation/3.2.3/spring-boot-starter-validation-3.2.3.jar:/Users/raghavchanana/.m2/repository/org/apache/tomcat/embed/tomcat-embed-el/10.1.19/tomcat-embed-el-10.1.19.jar:/Users/raghavchanana/.m2/repository/org/hibernate/validator/hibernate-validator/8.0.1.Final/hibernate-validator-8.0.1.Final.jar:/Users/raghavchanana/.m2/repository/jakarta/validation/jakarta.validation-api/3.0.2/jakarta.validation-api-3.0.2.jar:/Users/raghavchanana/.m2/repository/io/jsonwebtoken/jjwt-api/0.11.5/jjwt-api-0.11.5.jar:/Users/raghavchanana/.m2/repository/com/fasterxml/jackson/core/jackson-databind/2.15.4/jackson-databind-2.15.4.jar:/Users/raghavchanana/.m2/repository/com/fasterxml/jackson/core/jackson-annotations/2.15.4/jackson-annotations-2.15.4.jar:/Users/raghavchanana/.m2/repository/com/fasterxml/jackson/core/jackson-core/2.15.4/jackson-core-2.15.4.jar:/Users/raghavchanana/.m2/repository/org/apache/pdfbox/pdfbox/3.0.1/pdfbox-3.0.1.jar:/Users/raghavchanana/.m2/repository/org/apache/pdfbox/pdfbox-io/3.0.1/pdfbox-io-3.0.1.jar:/Users/raghavchanana/.m2/repository/org/apache/pdfbox/fontbox/3.0.1/fontbox-3.0.1.jar:/Users/raghavchanana/.m2/repository/commons-logging/commons-logging/1.2/commons-logging-1.2.jar:/Users/raghavchanana/.m2/repository/org/junit/jupiter/junit-jupiter/5.10.2/junit-jupiter-5.10.2.jar:/Users/raghavchanana/.m2/repository/org/junit/jupiter/junit-jupiter-api/5.10.2/junit-jupiter-api-5.10.2.jar:/Users/raghavchanana/.m2/repository/org/opentest4j/opentest4j/1.3.0/opentest4j-1.3.0.jar:/Users/raghavchanana/.m2/repository/org/junit/platform/junit-platform-commons/1.10.2/junit-platform-commons-1.10.2.jar:/Users/raghavchanana/.m2/repository/org/apiguardian/apiguardian-api/1.1.2/apiguardian-api-1.1.2.jar:/Users/raghavchanana/.m2/repository/org/junit/jupiter/junit-jupiter-params/5.10.2/junit-jupiter-params-5.10.2.jar:/Users/raghavchanana/.m2/repository/com/itextpdf/itextpdf/5.5.13.3/itextpdf-5.5.13.3.jar:/Users/raghavchanana/.m2/repository/org/projectlombok/lombok/1.18.34/lombok-1.18.34.jar:/Users/raghavchanana/.m2/repository/commons-io/commons-io/2.15.1/commons-io-2.15.1.jar:/Users/raghavchanana/.m2/repository/org/springframework/spring-core/6.1.4/spring-core-6.1.4.jar:/Users/raghavchanana/.m2/repository/org/springframework/spring-jcl/6.1.4/spring-jcl-6.1.4.jar:/Users/raghavchanana/.m2/repository/org/springframework/security/spring-security-core/6.2.2/spring-security-core-6.2.2.jar:/Users/raghavchanana/.m2/repository/org/springframework/security/spring-security-crypto/6.2.2/spring-security-crypto-6.2.2.jar: -sourcepath /Users/raghavchanana/Desktop/project/backend/src/main/java:/Users/raghavchanana/Desktop/project/backend/target/generated-sources/annotations: -s /Users/raghavchanana/Desktop/project/backend/target/generated-sources/annotations -processorpath /Users/raghavchanana/.m2/repository/org/projectlombok/lombok/1.18.34/lombok-1.18.34.jar: -g -parameters --release 17 -encoding UTF-8 -XDuseUnsharedTable=true
[DEBUG] incrementalBuildHelper#beforeRebuildExecution
[INFO] Compiling 73 source files with javac [debug parameters release 17] to target/classes
[INFO] ------------------------------------------------------------------------
[INFO] BUILD FAILURE
[INFO] ------------------------------------------------------------------------
[INFO] Total time:  1.075 s
[INFO] Finished at: 2026-04-19T15:12:35+05:30
[INFO] ------------------------------------------------------------------------
[ERROR] Failed to execute goal org.apache.maven.plugins:maven-compiler-plugin:3.13.0:compile (default-compile) on project backend: Fatal error compiling: java.lang.ExceptionInInitializerError: com.sun.tools.javac.code.TypeTag :: UNKNOWN -> [Help 1]
org.apache.maven.lifecycle.LifecycleExecutionException: Failed to execute goal org.apache.maven.plugins:maven-compiler-plugin:3.13.0:compile (default-compile) on project backend: Fatal error compiling
    at org.apache.maven.lifecycle.internal.MojoExecutor.doExecute2 (MojoExecutor.java:333)
    at org.apache.maven.lifecycle.internal.MojoExecutor.doExecute (MojoExecutor.java:316)
    at org.apache.maven.lifecycle.internal.MojoExecutor.execute (MojoExecutor.java:212)
    at org.apache.maven.lifecycle.internal.MojoExecutor.execute (MojoExecutor.java:174)
    at org.apache.maven.lifecycle.internal.MojoExecutor.access$000 (MojoExecutor.java:75)
    at org.apache.maven.lifecycle.internal.MojoExecutor$1.run (MojoExecutor.java:162)
    at org.apache.maven.plugin.DefaultMojosExecutionStrategy.execute (DefaultMojosExecutionStrategy.java:39)
    at org.apache.maven.lifecycle.internal.MojoExecutor.execute (MojoExecutor.java:159)
    at org.apache.maven.lifecycle.internal.LifecycleModuleBuilder.buildProject (LifecycleModuleBuilder.java:105)
    at org.apache.maven.lifecycle.internal.LifecycleModuleBuilder.buildProject (LifecycleModuleBuilder.java:73)
    at org.apache.maven.lifecycle.internal.builder.singlethreaded.SingleThreadedBuilder.build (SingleThreadedBuilder.java:53)
    at org.apache.maven.lifecycle.internal.LifecycleStarter.execute (LifecycleStarter.java:118)
    at org.apache.maven.DefaultMaven.doExecute (DefaultMaven.java:261)
    at org.apache.maven.DefaultMaven.doExecute (DefaultMaven.java:173)
    at org.apache.maven.DefaultMaven.execute (DefaultMaven.java:101)
    at org.apache.maven.cli.MavenCli.execute (MavenCli.java:906)
    at org.apache.maven.cli.MavenCli.doMain (MavenCli.java:283)
    at org.apache.maven.cli.MavenCli.main (MavenCli.java:206)
    at jdk.internal.reflect.DirectMethodHandleAccessor.invoke (DirectMethodHandleAccessor.java:104)
    at java.lang.reflect.Method.invoke (Method.java:565)
    at org.codehaus.plexus.classworlds.launcher.Launcher.launchEnhanced (Launcher.java:255)
    at org.codehaus.plexus.classworlds.launcher.Launcher.launch (Launcher.java:201)
    at org.codehaus.plexus.classworlds.launcher.Launcher.mainWithExitCode (Launcher.java:361)
    at org.codehaus.plexus.classworlds.launcher.Launcher.main (Launcher.java:314)
Caused by: org.apache.maven.plugin.MojoExecutionException: Fatal error compiling
    at org.apache.maven.plugin.compiler.AbstractCompilerMojo.execute (AbstractCompilerMojo.java:1231)
    at org.apache.maven.plugin.compiler.CompilerMojo.execute (CompilerMojo.java:215)
    at org.apache.maven.plugin.DefaultBuildPluginManager.executeMojo (DefaultBuildPluginManager.java:126)
    at org.apache.maven.lifecycle.internal.MojoExecutor.doExecute2 (MojoExecutor.java:328)
    at org.apache.maven.lifecycle.internal.MojoExecutor.doExecute (MojoExecutor.java:316)
    at org.apache.maven.lifecycle.internal.MojoExecutor.execute (MojoExecutor.java:212)
    at org.apache.maven.lifecycle.internal.MojoExecutor.execute (MojoExecutor.java:174)
    at org.apache.maven.lifecycle.internal.MojoExecutor.access$000 (MojoExecutor.java:75)
    at org.apache.maven.lifecycle.internal.MojoExecutor$1.run (MojoExecutor.java:162)
    at org.apache.maven.plugin.DefaultMojosExecutionStrategy.execute (DefaultMojosExecutionStrategy.java:39)
    at org.apache.maven.lifecycle.internal.MojoExecutor.execute (MojoExecutor.java:159)
    at org.apache.maven.lifecycle.internal.LifecycleModuleBuilder.buildProject (LifecycleModuleBuilder.java:105)
    at org.apache.maven.lifecycle.internal.LifecycleModuleBuilder.buildProject (LifecycleModuleBuilder.java:73)
    at org.apache.maven.lifecycle.internal.builder.singlethreaded.SingleThreadedBuilder.build (SingleThreadedBuilder.java:53)
    at org.apache.maven.lifecycle.internal.LifecycleStarter.execute (LifecycleStarter.java:118)
    at org.apache.maven.DefaultMaven.doExecute (DefaultMaven.java:261)
    at org.apache.maven.DefaultMaven.doExecute (DefaultMaven.java:173)
    at org.apache.maven.DefaultMaven.execute (DefaultMaven.java:101)
    at org.apache.maven.cli.MavenCli.execute (MavenCli.java:906)
    at org.apache.maven.cli.MavenCli.doMain (MavenCli.java:283)
    at org.apache.maven.cli.MavenCli.main (MavenCli.java:206)
    at jdk.internal.reflect.DirectMethodHandleAccessor.invoke (DirectMethodHandleAccessor.java:104)
    at java.lang.reflect.Method.invoke (Method.java:565)
    at org.codehaus.plexus.classworlds.launcher.Launcher.launchEnhanced (Launcher.java:255)
    at org.codehaus.plexus.classworlds.launcher.Launcher.launch (Launcher.java:201)
    at org.codehaus.plexus.classworlds.launcher.Launcher.mainWithExitCode (Launcher.java:361)
    at org.codehaus.plexus.classworlds.launcher.Launcher.main (Launcher.java:314)
Caused by: org.codehaus.plexus.compiler.CompilerException: java.lang.ExceptionInInitializerError
    at org.codehaus.plexus.compiler.javac.JavaxToolsCompiler.compileInProcess (JavaxToolsCompiler.java:179)
    at org.codehaus.plexus.compiler.javac.JavacCompiler.performCompile (JavacCompiler.java:214)
    at org.apache.maven.plugin.compiler.AbstractCompilerMojo.execute (AbstractCompilerMojo.java:1228)
    at org.apache.maven.plugin.compiler.CompilerMojo.execute (CompilerMojo.java:215)
    at org.apache.maven.plugin.DefaultBuildPluginManager.executeMojo (DefaultBuildPluginManager.java:126)
    at org.apache.maven.lifecycle.internal.MojoExecutor.doExecute2 (MojoExecutor.java:328)
    at org.apache.maven.lifecycle.internal.MojoExecutor.doExecute (MojoExecutor.java:316)
    at org.apache.maven.lifecycle.internal.MojoExecutor.execute (MojoExecutor.java:212)
    at org.apache.maven.lifecycle.internal.MojoExecutor.execute (MojoExecutor.java:174)
    at org.apache.maven.lifecycle.internal.MojoExecutor.access$000 (MojoExecutor.java:75)
    at org.apache.maven.lifecycle.internal.MojoExecutor$1.run (MojoExecutor.java:162)
    at org.apache.maven.plugin.DefaultMojosExecutionStrategy.execute (DefaultMojosExecutionStrategy.java:39)
    at org.apache.maven.lifecycle.internal.MojoExecutor.execute (MojoExecutor.java:159)
    at org.apache.maven.lifecycle.internal.LifecycleModuleBuilder.buildProject (LifecycleModuleBuilder.java:105)
    at org.apache.maven.lifecycle.internal.LifecycleModuleBuilder.buildProject (LifecycleModuleBuilder.java:73)
    at org.apache.maven.lifecycle.internal.builder.singlethreaded.SingleThreadedBuilder.build (SingleThreadedBuilder.java:53)
    at org.apache.maven.lifecycle.internal.LifecycleStarter.execute (LifecycleStarter.java:118)
    at org.apache.maven.DefaultMaven.doExecute (DefaultMaven.java:261)
    at org.apache.maven.DefaultMaven.doExecute (DefaultMaven.java:173)
    at org.apache.maven.DefaultMaven.execute (DefaultMaven.java:101)
    at org.apache.maven.cli.MavenCli.execute (MavenCli.java:906)
    at org.apache.maven.cli.MavenCli.doMain (MavenCli.java:283)
    at org.apache.maven.cli.MavenCli.main (MavenCli.java:206)
    at jdk.internal.reflect.DirectMethodHandleAccessor.invoke (DirectMethodHandleAccessor.java:104)
    at java.lang.reflect.Method.invoke (Method.java:565)
    at org.codehaus.plexus.classworlds.launcher.Launcher.launchEnhanced (Launcher.java:255)
    at org.codehaus.plexus.classworlds.launcher.Launcher.launch (Launcher.java:201)
    at org.codehaus.plexus.classworlds.launcher.Launcher.mainWithExitCode (Launcher.java:361)
    at org.codehaus.plexus.classworlds.launcher.Launcher.main (Launcher.java:314)
Caused by: java.lang.RuntimeException: java.lang.ExceptionInInitializerError
    at com.sun.tools.javac.api.JavacTaskImpl.invocationHelper (JavacTaskImpl.java:168)
    at com.sun.tools.javac.api.JavacTaskImpl.doCall (JavacTaskImpl.java:100)
    at com.sun.tools.javac.api.JavacTaskImpl.call (JavacTaskImpl.java:94)
    at org.codehaus.plexus.compiler.javac.JavaxToolsCompiler.compileInProcess (JavaxToolsCompiler.java:126)
    at org.codehaus.plexus.compiler.javac.JavacCompiler.performCompile (JavacCompiler.java:214)
    at org.apache.maven.plugin.compiler.AbstractCompilerMojo.execute (AbstractCompilerMojo.java:1228)
    at org.apache.maven.plugin.compiler.CompilerMojo.execute (CompilerMojo.java:215)
    at org.apache.maven.plugin.DefaultBuildPluginManager.executeMojo (DefaultBuildPluginManager.java:126)
    at org.apache.maven.lifecycle.internal.MojoExecutor.doExecute2 (MojoExecutor.java:328)
    at org.apache.maven.lifecycle.internal.MojoExecutor.doExecute (MojoExecutor.java:316)
    at org.apache.maven.lifecycle.internal.MojoExecutor.execute (MojoExecutor.java:212)
    at org.apache.maven.lifecycle.internal.MojoExecutor.execute (MojoExecutor.java:174)
    at org.apache.maven.lifecycle.internal.MojoExecutor.access$000 (MojoExecutor.java:75)
    at org.apache.maven.lifecycle.internal.MojoExecutor$1.run (MojoExecutor.java:162)
    at org.apache.maven.plugin.DefaultMojosExecutionStrategy.execute (DefaultMojosExecutionStrategy.java:39)
    at org.apache.maven.lifecycle.internal.MojoExecutor.execute (MojoExecutor.java:159)
    at org.apache.maven.lifecycle.internal.LifecycleModuleBuilder.buildProject (LifecycleModuleBuilder.java:105)
    at org.apache.maven.lifecycle.internal.LifecycleModuleBuilder.buildProject (LifecycleModuleBuilder.java:73)
    at org.apache.maven.lifecycle.internal.builder.singlethreaded.SingleThreadedBuilder.build (SingleThreadedBuilder.java:53)
    at org.apache.maven.lifecycle.internal.LifecycleStarter.execute (LifecycleStarter.java:118)
    at org.apache.maven.DefaultMaven.doExecute (DefaultMaven.java:261)
    at org.apache.maven.DefaultMaven.doExecute (DefaultMaven.java:173)
    at org.apache.maven.DefaultMaven.execute (DefaultMaven.java:101)
    at org.apache.maven.cli.MavenCli.execute (MavenCli.java:906)
    at org.apache.maven.cli.MavenCli.doMain (MavenCli.java:283)
    at org.apache.maven.cli.MavenCli.main (MavenCli.java:206)
    at jdk.internal.reflect.DirectMethodHandleAccessor.invoke (DirectMethodHandleAccessor.java:104)
    at java.lang.reflect.Method.invoke (Method.java:565)
    at org.codehaus.plexus.classworlds.launcher.Launcher.launchEnhanced (Launcher.java:255)
    at org.codehaus.plexus.classworlds.launcher.Launcher.launch (Launcher.java:201)
    at org.codehaus.plexus.classworlds.launcher.Launcher.mainWithExitCode (Launcher.java:361)
    at org.codehaus.plexus.classworlds.launcher.Launcher.main (Launcher.java:314)
Caused by: java.lang.ExceptionInInitializerError
    at lombok.javac.apt.LombokProcessor.placePostCompileAndDontMakeForceRoundDummiesHook (LombokProcessor.java:174)
    at lombok.javac.apt.LombokProcessor.init (LombokProcessor.java:96)
    at lombok.core.AnnotationProcessor$JavacDescriptor.want (AnnotationProcessor.java:160)
    at lombok.core.AnnotationProcessor.init (AnnotationProcessor.java:213)
    at lombok.launch.AnnotationProcessorHider$AnnotationProcessor.init (AnnotationProcessor.java:64)
    at com.sun.tools.javac.processing.JavacProcessingEnvironment$ProcessorState.<init> (JavacProcessingEnvironment.java:635)
    at com.sun.tools.javac.processing.JavacProcessingEnvironment$DiscoveredProcessors$ProcessorStateIterator.next (JavacProcessingEnvironment.java:761)
    at com.sun.tools.javac.processing.JavacProcessingEnvironment.discoverAndRunProcs (JavacProcessingEnvironment.java:857)
    at com.sun.tools.javac.processing.JavacProcessingEnvironment$Round.run (JavacProcessingEnvironment.java:1188)
    at com.sun.tools.javac.processing.JavacProcessingEnvironment.doProcessing (JavacProcessingEnvironment.java:1301)
    at com.sun.tools.javac.main.JavaCompiler.processAnnotations (JavaCompiler.java:1262)
    at com.sun.tools.javac.main.JavaCompiler.compile (JavaCompiler.java:938)
    at com.sun.tools.javac.api.JavacTaskImpl.lambda$doCall$0 (JavacTaskImpl.java:104)
    at com.sun.tools.javac.api.JavacTaskImpl.invocationHelper (JavacTaskImpl.java:152)
    at com.sun.tools.javac.api.JavacTaskImpl.doCall (JavacTaskImpl.java:100)
    at com.sun.tools.javac.api.JavacTaskImpl.call (JavacTaskImpl.java:94)
    at org.codehaus.plexus.compiler.javac.JavaxToolsCompiler.compileInProcess (JavaxToolsCompiler.java:126)
    at org.codehaus.plexus.compiler.javac.JavacCompiler.performCompile (JavacCompiler.java:214)
    at org.apache.maven.plugin.compiler.AbstractCompilerMojo.execute (AbstractCompilerMojo.java:1228)
    at org.apache.maven.plugin.compiler.CompilerMojo.execute (CompilerMojo.java:215)
    at org.apache.maven.plugin.DefaultBuildPluginManager.executeMojo (DefaultBuildPluginManager.java:126)
    at org.apache.maven.lifecycle.internal.MojoExecutor.doExecute2 (MojoExecutor.java:328)
    at org.apache.maven.lifecycle.internal.MojoExecutor.doExecute (MojoExecutor.java:316)
    at org.apache.maven.lifecycle.internal.MojoExecutor.execute (MojoExecutor.java:212)
    at org.apache.maven.lifecycle.internal.MojoExecutor.execute (MojoExecutor.java:174)
    at org.apache.maven.lifecycle.internal.MojoExecutor.access$000 (MojoExecutor.java:75)
    at org.apache.maven.lifecycle.internal.MojoExecutor$1.run (MojoExecutor.java:162)
    at org.apache.maven.plugin.DefaultMojosExecutionStrategy.execute (DefaultMojosExecutionStrategy.java:39)
    at org.apache.maven.lifecycle.internal.MojoExecutor.execute (MojoExecutor.java:159)
    at org.apache.maven.lifecycle.internal.LifecycleModuleBuilder.buildProject (LifecycleModuleBuilder.java:105)
    at org.apache.maven.lifecycle.internal.LifecycleModuleBuilder.buildProject (LifecycleModuleBuilder.java:73)
    at org.apache.maven.lifecycle.internal.builder.singlethreaded.SingleThreadedBuilder.build (SingleThreadedBuilder.java:53)
    at org.apache.maven.lifecycle.internal.LifecycleStarter.execute (LifecycleStarter.java:118)
    at org.apache.maven.DefaultMaven.doExecute (DefaultMaven.java:261)
    at org.apache.maven.DefaultMaven.doExecute (DefaultMaven.java:173)
    at org.apache.maven.DefaultMaven.execute (DefaultMaven.java:101)
    at org.apache.maven.cli.MavenCli.execute (MavenCli.java:906)
    at org.apache.maven.cli.MavenCli.doMain (MavenCli.java:283)
    at org.apache.maven.cli.MavenCli.main (MavenCli.java:206)
    at jdk.internal.reflect.DirectMethodHandleAccessor.invoke (DirectMethodHandleAccessor.java:104)
    at java.lang.reflect.Method.invoke (Method.java:565)
    at org.codehaus.plexus.classworlds.launcher.Launcher.launchEnhanced (Launcher.java:255)
    at org.codehaus.plexus.classworlds.launcher.Launcher.launch (Launcher.java:201)
    at org.codehaus.plexus.classworlds.launcher.Launcher.mainWithExitCode (Launcher.java:361)
    at org.codehaus.plexus.classworlds.launcher.Launcher.main (Launcher.java:314)
Caused by: java.lang.NoSuchFieldException: com.sun.tools.javac.code.TypeTag :: UNKNOWN
    at lombok.permit.Permit.getField (Permit.java:144)
    at lombok.javac.JavacTreeMaker$SchroedingerType.getFieldCached (JavacTreeMaker.java:171)
    at lombok.javac.JavacTreeMaker$TypeTag.typeTag (JavacTreeMaker.java:259)
    at lombok.javac.Javac.<clinit> (Javac.java:186)
    at lombok.javac.apt.LombokProcessor.placePostCompileAndDontMakeForceRoundDummiesHook (LombokProcessor.java:174)
    at lombok.javac.apt.LombokProcessor.init (LombokProcessor.java:96)
    at lombok.core.AnnotationProcessor$JavacDescriptor.want (AnnotationProcessor.java:160)
    at lombok.core.AnnotationProcessor.init (AnnotationProcessor.java:213)
    at lombok.launch.AnnotationProcessorHider$AnnotationProcessor.init (AnnotationProcessor.java:64)
    at com.sun.tools.javac.processing.JavacProcessingEnvironment$ProcessorState.<init> (JavacProcessingEnvironment.java:635)
    at com.sun.tools.javac.processing.JavacProcessingEnvironment$DiscoveredProcessors$ProcessorStateIterator.next (JavacProcessingEnvironment.java:761)
    at com.sun.tools.javac.processing.JavacProcessingEnvironment.discoverAndRunProcs (JavacProcessingEnvironment.java:857)
    at com.sun.tools.javac.processing.JavacProcessingEnvironment$Round.run (JavacProcessingEnvironment.java:1188)
    at com.sun.tools.javac.processing.JavacProcessingEnvironment.doProcessing (JavacProcessingEnvironment.java:1301)
    at com.sun.tools.javac.main.JavaCompiler.processAnnotations (JavaCompiler.java:1262)
    at com.sun.tools.javac.main.JavaCompiler.compile (JavaCompiler.java:938)
    at com.sun.tools.javac.api.JavacTaskImpl.lambda$doCall$0 (JavacTaskImpl.java:104)
    at com.sun.tools.javac.api.JavacTaskImpl.invocationHelper (JavacTaskImpl.java:152)
    at com.sun.tools.javac.api.JavacTaskImpl.doCall (JavacTaskImpl.java:100)
    at com.sun.tools.javac.api.JavacTaskImpl.call (JavacTaskImpl.java:94)
    at org.codehaus.plexus.compiler.javac.JavaxToolsCompiler.compileInProcess (JavaxToolsCompiler.java:126)
    at org.codehaus.plexus.compiler.javac.JavacCompiler.performCompile (JavacCompiler.java:214)
    at org.apache.maven.plugin.compiler.AbstractCompilerMojo.execute (AbstractCompilerMojo.java:1228)
    at org.apache.maven.plugin.compiler.CompilerMojo.execute (CompilerMojo.java:215)
    at org.apache.maven.plugin.DefaultBuildPluginManager.executeMojo (DefaultBuildPluginManager.java:126)
    at org.apache.maven.lifecycle.internal.MojoExecutor.doExecute2 (MojoExecutor.java:328)
    at org.apache.maven.lifecycle.internal.MojoExecutor.doExecute (MojoExecutor.java:316)
    at org.apache.maven.lifecycle.internal.MojoExecutor.execute (MojoExecutor.java:212)
    at org.apache.maven.lifecycle.internal.MojoExecutor.execute (MojoExecutor.java:174)
    at org.apache.maven.lifecycle.internal.MojoExecutor.access$000 (MojoExecutor.java:75)
    at org.apache.maven.lifecycle.internal.MojoExecutor$1.run (MojoExecutor.java:162)
    at org.apache.maven.plugin.DefaultMojosExecutionStrategy.execute (DefaultMojosExecutionStrategy.java:39)
    at org.apache.maven.lifecycle.internal.MojoExecutor.execute (MojoExecutor.java:159)
    at org.apache.maven.lifecycle.internal.LifecycleModuleBuilder.buildProject (LifecycleModuleBuilder.java:105)
    at org.apache.maven.lifecycle.internal.LifecycleModuleBuilder.buildProject (LifecycleModuleBuilder.java:73)
    at org.apache.maven.lifecycle.internal.builder.singlethreaded.SingleThreadedBuilder.build (SingleThreadedBuilder.java:53)
    at org.apache.maven.lifecycle.internal.LifecycleStarter.execute (LifecycleStarter.java:118)
    at org.apache.maven.DefaultMaven.doExecute (DefaultMaven.java:261)
    at org.apache.maven.DefaultMaven.doExecute (DefaultMaven.java:173)
    at org.apache.maven.DefaultMaven.execute (DefaultMaven.java:101)
    at org.apache.maven.cli.MavenCli.execute (MavenCli.java:906)
    at org.apache.maven.cli.MavenCli.doMain (MavenCli.java:283)
    at org.apache.maven.cli.MavenCli.main (MavenCli.java:206)
    at jdk.internal.reflect.DirectMethodHandleAccessor.invoke (DirectMethodHandleAccessor.java:104)
    at java.lang.reflect.Method.invoke (Method.java:565)
    at org.codehaus.plexus.classworlds.launcher.Launcher.launchEnhanced (Launcher.java:255)
    at org.codehaus.plexus.classworlds.launcher.Launcher.launch (Launcher.java:201)
    at org.codehaus.plexus.classworlds.launcher.Launcher.mainWithExitCode (Launcher.java:361)
    at org.codehaus.plexus.classworlds.launcher.Launcher.main (Launcher.java:314)
[ERROR] 
[ERROR] 
[ERROR] For more information about the errors and possible solutions, please read the following articles:
[ERROR] [Help 1] http://cwiki.apache.org/confluence/display/MAVEN/MojoExecutionException
[DEBUG] Shutting down adapter factory; available factories [file-lock, rwlock-local, semaphore-local, noop]; available name mappers [discriminating, file-gav, file-hgav, file-static, gav, static]
[DEBUG] Shutting down 'file-lock' factory
[DEBUG] Shutting down 'rwlock-local' factory
[DEBUG] Shutting down 'semaphore-local' factory
[DEBUG] Shutting down 'noop' factory
